<?xml version="1.0" encoding="ISO-8859-1" ?>
<link_info>
   <banner>TI ARM Linker PC v20.2.7.LTS</banner>
   <copyright>Copyright (c) 1996-2018 Texas Instruments Incorporated</copyright>
   <link_time>0x63753789</link_time>
   <link_errors>0x0</link_errors>
   <output_file>FinalProject.out</output_file>
   <entry_point>
      <name>_c_int00_noargs</name>
      <address>0x30e1</address>
   </entry_point>
   <input_file_list>
      <input_file id="fl-2">
         <path>.\</path>
         <kind>object</kind>
         <file>gpio.obj</file>
         <name>gpio.obj</name>
      </input_file>
      <input_file id="fl-3">
         <path>.\</path>
         <kind>object</kind>
         <file>main.obj</file>
         <name>main.obj</name>
      </input_file>
      <input_file id="fl-4">
         <path>.\</path>
         <kind>object</kind>
         <file>pwm.obj</file>
         <name>pwm.obj</name>
      </input_file>
      <input_file id="fl-5">
         <path>.\</path>
         <kind>object</kind>
         <file>scheduler.obj</file>
         <name>scheduler.obj</name>
      </input_file>
      <input_file id="fl-6">
         <path>.\</path>
         <kind>object</kind>
         <file>startup_msp432p4111_ccs.obj</file>
         <name>startup_msp432p4111_ccs.obj</name>
      </input_file>
      <input_file id="fl-7">
         <path>.\</path>
         <kind>object</kind>
         <file>system_msp432p4111.obj</file>
         <name>system_msp432p4111.obj</name>
      </input_file>
      <input_file id="fl-8">
         <path>.\</path>
         <kind>object</kind>
         <file>ultrasonic.obj</file>
         <name>ultrasonic.obj</name>
      </input_file>
      <input_file id="fl-c">
         <kind>object</kind>
         <file>&lt;internal&gt;</file>
         <name>&lt;internal&gt;</name>
      </input_file>
      <input_file id="fl-c2">
         <path>C:\ti\ccs1200\ccs\tools\compiler\ti-cgt-arm_20.2.7.LTS\lib\</path>
         <kind>archive</kind>
         <file>rtsv7M4_T_le_v4SPD16_eabi.lib</file>
         <name>printf.c.obj</name>
      </input_file>
      <input_file id="fl-c3">
         <path>C:\ti\ccs1200\ccs\tools\compiler\ti-cgt-arm_20.2.7.LTS\lib\</path>
         <kind>archive</kind>
         <file>rtsv7M4_T_le_v4SPD16_eabi.lib</file>
         <name>_printfi.c.obj</name>
      </input_file>
      <input_file id="fl-c4">
         <path>C:\ti\ccs1200\ccs\tools\compiler\ti-cgt-arm_20.2.7.LTS\lib\</path>
         <kind>archive</kind>
         <file>rtsv7M4_T_le_v4SPD16_eabi.lib</file>
         <name>fputc.c.obj</name>
      </input_file>
      <input_file id="fl-c5">
         <path>C:\ti\ccs1200\ccs\tools\compiler\ti-cgt-arm_20.2.7.LTS\lib\</path>
         <kind>archive</kind>
         <file>rtsv7M4_T_le_v4SPD16_eabi.lib</file>
         <name>fputs.c.obj</name>
      </input_file>
      <input_file id="fl-c6">
         <path>C:\ti\ccs1200\ccs\tools\compiler\ti-cgt-arm_20.2.7.LTS\lib\</path>
         <kind>archive</kind>
         <file>rtsv7M4_T_le_v4SPD16_eabi.lib</file>
         <name>_io_perm.c.obj</name>
      </input_file>
      <input_file id="fl-c7">
         <path>C:\ti\ccs1200\ccs\tools\compiler\ti-cgt-arm_20.2.7.LTS\lib\</path>
         <kind>archive</kind>
         <file>rtsv7M4_T_le_v4SPD16_eabi.lib</file>
         <name>setvbuf.c.obj</name>
      </input_file>
      <input_file id="fl-c8">
         <path>C:\ti\ccs1200\ccs\tools\compiler\ti-cgt-arm_20.2.7.LTS\lib\</path>
         <kind>archive</kind>
         <file>rtsv7M4_T_le_v4SPD16_eabi.lib</file>
         <name>fd_add_t2.asm.obj</name>
      </input_file>
      <input_file id="fl-c9">
         <path>C:\ti\ccs1200\ccs\tools\compiler\ti-cgt-arm_20.2.7.LTS\lib\</path>
         <kind>archive</kind>
         <file>rtsv7M4_T_le_v4SPD16_eabi.lib</file>
         <name>fd_cmp_t2.asm.obj</name>
      </input_file>
      <input_file id="fl-ca">
         <path>C:\ti\ccs1200\ccs\tools\compiler\ti-cgt-arm_20.2.7.LTS\lib\</path>
         <kind>archive</kind>
         <file>rtsv7M4_T_le_v4SPD16_eabi.lib</file>
         <name>fd_div_t2.asm.obj</name>
      </input_file>
      <input_file id="fl-cb">
         <path>C:\ti\ccs1200\ccs\tools\compiler\ti-cgt-arm_20.2.7.LTS\lib\</path>
         <kind>archive</kind>
         <file>rtsv7M4_T_le_v4SPD16_eabi.lib</file>
         <name>fd_mul_t2.asm.obj</name>
      </input_file>
      <input_file id="fl-cc">
         <path>C:\ti\ccs1200\ccs\tools\compiler\ti-cgt-arm_20.2.7.LTS\lib\</path>
         <kind>archive</kind>
         <file>rtsv7M4_T_le_v4SPD16_eabi.lib</file>
         <name>fd_toi_t2.asm.obj</name>
      </input_file>
      <input_file id="fl-cd">
         <path>C:\ti\ccs1200\ccs\tools\compiler\ti-cgt-arm_20.2.7.LTS\lib\</path>
         <kind>archive</kind>
         <file>rtsv7M4_T_le_v4SPD16_eabi.lib</file>
         <name>fd_tos_t2.asm.obj</name>
      </input_file>
      <input_file id="fl-ce">
         <path>C:\ti\ccs1200\ccs\tools\compiler\ti-cgt-arm_20.2.7.LTS\lib\</path>
         <kind>archive</kind>
         <file>rtsv7M4_T_le_v4SPD16_eabi.lib</file>
         <name>fs_tod_t2.asm.obj</name>
      </input_file>
      <input_file id="fl-cf">
         <path>C:\ti\ccs1200\ccs\tools\compiler\ti-cgt-arm_20.2.7.LTS\lib\</path>
         <kind>archive</kind>
         <file>rtsv7M4_T_le_v4SPD16_eabi.lib</file>
         <name>i_tofd_t2.asm.obj</name>
      </input_file>
      <input_file id="fl-d0">
         <path>C:\ti\ccs1200\ccs\tools\compiler\ti-cgt-arm_20.2.7.LTS\lib\</path>
         <kind>archive</kind>
         <file>rtsv7M4_T_le_v4SPD16_eabi.lib</file>
         <name>memcpy_t2.asm.obj</name>
      </input_file>
      <input_file id="fl-d1">
         <path>C:\ti\ccs1200\ccs\tools\compiler\ti-cgt-arm_20.2.7.LTS\lib\</path>
         <kind>archive</kind>
         <file>rtsv7M4_T_le_v4SPD16_eabi.lib</file>
         <name>memset_t2.asm.obj</name>
      </input_file>
      <input_file id="fl-d2">
         <path>C:\ti\ccs1200\ccs\tools\compiler\ti-cgt-arm_20.2.7.LTS\lib\</path>
         <kind>archive</kind>
         <file>rtsv7M4_T_le_v4SPD16_eabi.lib</file>
         <name>ull_div_t2.asm.obj</name>
      </input_file>
      <input_file id="fl-d3">
         <path>C:\ti\ccs1200\ccs\tools\compiler\ti-cgt-arm_20.2.7.LTS\lib\</path>
         <kind>archive</kind>
         <file>rtsv7M4_T_le_v4SPD16_eabi.lib</file>
         <name>copy_zero_init.c.obj</name>
      </input_file>
      <input_file id="fl-d4">
         <path>C:\ti\ccs1200\ccs\tools\compiler\ti-cgt-arm_20.2.7.LTS\lib\</path>
         <kind>archive</kind>
         <file>rtsv7M4_T_le_v4SPD16_eabi.lib</file>
         <name>copy_decompress_none.c.obj</name>
      </input_file>
      <input_file id="fl-d5">
         <path>C:\ti\ccs1200\ccs\tools\compiler\ti-cgt-arm_20.2.7.LTS\lib\</path>
         <kind>archive</kind>
         <file>rtsv7M4_T_le_v4SPD16_eabi.lib</file>
         <name>copy_decompress_lzss.c.obj</name>
      </input_file>
      <input_file id="fl-d6">
         <path>C:\ti\ccs1200\ccs\tools\compiler\ti-cgt-arm_20.2.7.LTS\lib\</path>
         <kind>archive</kind>
         <file>rtsv7M4_T_le_v4SPD16_eabi.lib</file>
         <name>exit.c.obj</name>
      </input_file>
      <input_file id="fl-d7">
         <path>C:\ti\ccs1200\ccs\tools\compiler\ti-cgt-arm_20.2.7.LTS\lib\</path>
         <kind>archive</kind>
         <file>rtsv7M4_T_le_v4SPD16_eabi.lib</file>
         <name>_lock.c.obj</name>
      </input_file>
      <input_file id="fl-d8">
         <path>C:\ti\ccs1200\ccs\tools\compiler\ti-cgt-arm_20.2.7.LTS\lib\</path>
         <kind>archive</kind>
         <file>rtsv7M4_T_le_v4SPD16_eabi.lib</file>
         <name>_ltoa.c.obj</name>
      </input_file>
      <input_file id="fl-d9">
         <path>C:\ti\ccs1200\ccs\tools\compiler\ti-cgt-arm_20.2.7.LTS\lib\</path>
         <kind>archive</kind>
         <file>rtsv7M4_T_le_v4SPD16_eabi.lib</file>
         <name>atoi.c.obj</name>
      </input_file>
      <input_file id="fl-da">
         <path>C:\ti\ccs1200\ccs\tools\compiler\ti-cgt-arm_20.2.7.LTS\lib\</path>
         <kind>archive</kind>
         <file>rtsv7M4_T_le_v4SPD16_eabi.lib</file>
         <name>ctype.c.obj</name>
      </input_file>
      <input_file id="fl-db">
         <path>C:\ti\ccs1200\ccs\tools\compiler\ti-cgt-arm_20.2.7.LTS\lib\</path>
         <kind>archive</kind>
         <file>rtsv7M4_T_le_v4SPD16_eabi.lib</file>
         <name>defs.c.obj</name>
      </input_file>
      <input_file id="fl-dc">
         <path>C:\ti\ccs1200\ccs\tools\compiler\ti-cgt-arm_20.2.7.LTS\lib\</path>
         <kind>archive</kind>
         <file>rtsv7M4_T_le_v4SPD16_eabi.lib</file>
         <name>memccpy.c.obj</name>
      </input_file>
      <input_file id="fl-dd">
         <path>C:\ti\ccs1200\ccs\tools\compiler\ti-cgt-arm_20.2.7.LTS\lib\</path>
         <kind>archive</kind>
         <file>rtsv7M4_T_le_v4SPD16_eabi.lib</file>
         <name>memchr.c.obj</name>
      </input_file>
      <input_file id="fl-de">
         <path>C:\ti\ccs1200\ccs\tools\compiler\ti-cgt-arm_20.2.7.LTS\lib\</path>
         <kind>archive</kind>
         <file>rtsv7M4_T_le_v4SPD16_eabi.lib</file>
         <name>memory.c.obj</name>
      </input_file>
      <input_file id="fl-df">
         <path>C:\ti\ccs1200\ccs\tools\compiler\ti-cgt-arm_20.2.7.LTS\lib\</path>
         <kind>archive</kind>
         <file>rtsv7M4_T_le_v4SPD16_eabi.lib</file>
         <name>strchr.c.obj</name>
      </input_file>
      <input_file id="fl-e0">
         <path>C:\ti\ccs1200\ccs\tools\compiler\ti-cgt-arm_20.2.7.LTS\lib\</path>
         <kind>archive</kind>
         <file>rtsv7M4_T_le_v4SPD16_eabi.lib</file>
         <name>strlen.c.obj</name>
      </input_file>
      <input_file id="fl-e1">
         <path>C:\ti\ccs1200\ccs\tools\compiler\ti-cgt-arm_20.2.7.LTS\lib\</path>
         <kind>archive</kind>
         <file>rtsv7M4_T_le_v4SPD16_eabi.lib</file>
         <name>boot_cortex_m.c.obj</name>
      </input_file>
      <input_file id="fl-e2">
         <path>C:\ti\ccs1200\ccs\tools\compiler\ti-cgt-arm_20.2.7.LTS\lib\</path>
         <kind>archive</kind>
         <file>rtsv7M4_T_le_v4SPD16_eabi.lib</file>
         <name>write.c.obj</name>
      </input_file>
      <input_file id="fl-e3">
         <path>C:\ti\ccs1200\ccs\tools\compiler\ti-cgt-arm_20.2.7.LTS\lib\</path>
         <kind>archive</kind>
         <file>rtsv7M4_T_le_v4SPD16_eabi.lib</file>
         <name>host_device.c.obj</name>
      </input_file>
      <input_file id="fl-e4">
         <path>C:\ti\ccs1200\ccs\tools\compiler\ti-cgt-arm_20.2.7.LTS\lib\</path>
         <kind>archive</kind>
         <file>rtsv7M4_T_le_v4SPD16_eabi.lib</file>
         <name>errno.c.obj</name>
      </input_file>
      <input_file id="fl-e5">
         <path>C:\ti\ccs1200\ccs\tools\compiler\ti-cgt-arm_20.2.7.LTS\lib\</path>
         <kind>archive</kind>
         <file>rtsv7M4_T_le_v4SPD16_eabi.lib</file>
         <name>wcslen.c.obj</name>
      </input_file>
      <input_file id="fl-e6">
         <path>C:\ti\ccs1200\ccs\tools\compiler\ti-cgt-arm_20.2.7.LTS\lib\</path>
         <kind>archive</kind>
         <file>rtsv7M4_T_le_v4SPD16_eabi.lib</file>
         <name>s_frexp.c.obj</name>
      </input_file>
      <input_file id="fl-e7">
         <path>C:\ti\ccs1200\ccs\tools\compiler\ti-cgt-arm_20.2.7.LTS\lib\</path>
         <kind>archive</kind>
         <file>rtsv7M4_T_le_v4SPD16_eabi.lib</file>
         <name>s_scalbn.c.obj</name>
      </input_file>
      <input_file id="fl-e8">
         <path>C:\ti\ccs1200\ccs\tools\compiler\ti-cgt-arm_20.2.7.LTS\lib\</path>
         <kind>archive</kind>
         <file>rtsv7M4_T_le_v4SPD16_eabi.lib</file>
         <name>fflush.c.obj</name>
      </input_file>
      <input_file id="fl-e9">
         <path>C:\ti\ccs1200\ccs\tools\compiler\ti-cgt-arm_20.2.7.LTS\lib\</path>
         <kind>archive</kind>
         <file>rtsv7M4_T_le_v4SPD16_eabi.lib</file>
         <name>fopen.c.obj</name>
      </input_file>
      <input_file id="fl-ea">
         <path>C:\ti\ccs1200\ccs\tools\compiler\ti-cgt-arm_20.2.7.LTS\lib\</path>
         <kind>archive</kind>
         <file>rtsv7M4_T_le_v4SPD16_eabi.lib</file>
         <name>fseek.c.obj</name>
      </input_file>
      <input_file id="fl-eb">
         <path>C:\ti\ccs1200\ccs\tools\compiler\ti-cgt-arm_20.2.7.LTS\lib\</path>
         <kind>archive</kind>
         <file>rtsv7M4_T_le_v4SPD16_eabi.lib</file>
         <name>div0.asm.obj</name>
      </input_file>
      <input_file id="fl-ec">
         <path>C:\ti\ccs1200\ccs\tools\compiler\ti-cgt-arm_20.2.7.LTS\lib\</path>
         <kind>archive</kind>
         <file>rtsv7M4_T_le_v4SPD16_eabi.lib</file>
         <name>autoinit.c.obj</name>
      </input_file>
      <input_file id="fl-ed">
         <path>C:\ti\ccs1200\ccs\tools\compiler\ti-cgt-arm_20.2.7.LTS\lib\</path>
         <kind>archive</kind>
         <file>rtsv7M4_T_le_v4SPD16_eabi.lib</file>
         <name>pre_init.c.obj</name>
      </input_file>
      <input_file id="fl-ee">
         <path>C:\ti\ccs1200\ccs\tools\compiler\ti-cgt-arm_20.2.7.LTS\lib\</path>
         <kind>archive</kind>
         <file>rtsv7M4_T_le_v4SPD16_eabi.lib</file>
         <name>cpy_tbl.c.obj</name>
      </input_file>
      <input_file id="fl-ef">
         <path>C:\ti\ccs1200\ccs\tools\compiler\ti-cgt-arm_20.2.7.LTS\lib\</path>
         <kind>archive</kind>
         <file>rtsv7M4_T_le_v4SPD16_eabi.lib</file>
         <name>args_main.c.obj</name>
      </input_file>
      <input_file id="fl-f0">
         <path>C:\ti\ccs1200\ccs\tools\compiler\ti-cgt-arm_20.2.7.LTS\lib\</path>
         <kind>archive</kind>
         <file>rtsv7M4_T_le_v4SPD16_eabi.lib</file>
         <name>hostclose.c.obj</name>
      </input_file>
      <input_file id="fl-f1">
         <path>C:\ti\ccs1200\ccs\tools\compiler\ti-cgt-arm_20.2.7.LTS\lib\</path>
         <kind>archive</kind>
         <file>rtsv7M4_T_le_v4SPD16_eabi.lib</file>
         <name>hostlseek.c.obj</name>
      </input_file>
      <input_file id="fl-f2">
         <path>C:\ti\ccs1200\ccs\tools\compiler\ti-cgt-arm_20.2.7.LTS\lib\</path>
         <kind>archive</kind>
         <file>rtsv7M4_T_le_v4SPD16_eabi.lib</file>
         <name>hostopen.c.obj</name>
      </input_file>
      <input_file id="fl-f3">
         <path>C:\ti\ccs1200\ccs\tools\compiler\ti-cgt-arm_20.2.7.LTS\lib\</path>
         <kind>archive</kind>
         <file>rtsv7M4_T_le_v4SPD16_eabi.lib</file>
         <name>hostread.c.obj</name>
      </input_file>
      <input_file id="fl-f4">
         <path>C:\ti\ccs1200\ccs\tools\compiler\ti-cgt-arm_20.2.7.LTS\lib\</path>
         <kind>archive</kind>
         <file>rtsv7M4_T_le_v4SPD16_eabi.lib</file>
         <name>hostrename.c.obj</name>
      </input_file>
      <input_file id="fl-f5">
         <path>C:\ti\ccs1200\ccs\tools\compiler\ti-cgt-arm_20.2.7.LTS\lib\</path>
         <kind>archive</kind>
         <file>rtsv7M4_T_le_v4SPD16_eabi.lib</file>
         <name>hostunlink.c.obj</name>
      </input_file>
      <input_file id="fl-f6">
         <path>C:\ti\ccs1200\ccs\tools\compiler\ti-cgt-arm_20.2.7.LTS\lib\</path>
         <kind>archive</kind>
         <file>rtsv7M4_T_le_v4SPD16_eabi.lib</file>
         <name>hostwrite.c.obj</name>
      </input_file>
      <input_file id="fl-f7">
         <path>C:\ti\ccs1200\ccs\tools\compiler\ti-cgt-arm_20.2.7.LTS\lib\</path>
         <kind>archive</kind>
         <file>rtsv7M4_T_le_v4SPD16_eabi.lib</file>
         <name>trgmsg.c.obj</name>
      </input_file>
      <input_file id="fl-f8">
         <path>C:\ti\ccs1200\ccs\tools\compiler\ti-cgt-arm_20.2.7.LTS\lib\</path>
         <kind>archive</kind>
         <file>rtsv7M4_T_le_v4SPD16_eabi.lib</file>
         <name>open.c.obj</name>
      </input_file>
      <input_file id="fl-f9">
         <path>C:\ti\ccs1200\ccs\tools\compiler\ti-cgt-arm_20.2.7.LTS\lib\</path>
         <kind>archive</kind>
         <file>rtsv7M4_T_le_v4SPD16_eabi.lib</file>
         <name>lseek.c.obj</name>
      </input_file>
      <input_file id="fl-fa">
         <path>C:\ti\ccs1200\ccs\tools\compiler\ti-cgt-arm_20.2.7.LTS\lib\</path>
         <kind>archive</kind>
         <file>rtsv7M4_T_le_v4SPD16_eabi.lib</file>
         <name>s_copysign.c.obj</name>
      </input_file>
      <input_file id="fl-fb">
         <path>C:\ti\ccs1200\ccs\tools\compiler\ti-cgt-arm_20.2.7.LTS\lib\</path>
         <kind>archive</kind>
         <file>rtsv7M4_T_le_v4SPD16_eabi.lib</file>
         <name>fclose.c.obj</name>
      </input_file>
      <input_file id="fl-fc">
         <path>C:\ti\ccs1200\ccs\tools\compiler\ti-cgt-arm_20.2.7.LTS\lib\</path>
         <kind>archive</kind>
         <file>rtsv7M4_T_le_v4SPD16_eabi.lib</file>
         <name>getdevice.c.obj</name>
      </input_file>
      <input_file id="fl-fd">
         <path>C:\ti\ccs1200\ccs\tools\compiler\ti-cgt-arm_20.2.7.LTS\lib\</path>
         <kind>archive</kind>
         <file>rtsv7M4_T_le_v4SPD16_eabi.lib</file>
         <name>strcmp.c.obj</name>
      </input_file>
      <input_file id="fl-fe">
         <path>C:\ti\ccs1200\ccs\tools\compiler\ti-cgt-arm_20.2.7.LTS\lib\</path>
         <kind>archive</kind>
         <file>rtsv7M4_T_le_v4SPD16_eabi.lib</file>
         <name>strcpy.c.obj</name>
      </input_file>
      <input_file id="fl-ff">
         <path>C:\ti\ccs1200\ccs\tools\compiler\ti-cgt-arm_20.2.7.LTS\lib\</path>
         <kind>archive</kind>
         <file>rtsv7M4_T_le_v4SPD16_eabi.lib</file>
         <name>strncpy.c.obj</name>
      </input_file>
      <input_file id="fl-100">
         <path>C:\ti\ccs1200\ccs\tools\compiler\ti-cgt-arm_20.2.7.LTS\lib\</path>
         <kind>archive</kind>
         <file>rtsv7M4_T_le_v4SPD16_eabi.lib</file>
         <name>remove.c.obj</name>
      </input_file>
      <input_file id="fl-101">
         <path>C:\ti\ccs1200\ccs\tools\compiler\ti-cgt-arm_20.2.7.LTS\lib\</path>
         <kind>archive</kind>
         <file>rtsv7M4_T_le_v4SPD16_eabi.lib</file>
         <name>close.c.obj</name>
      </input_file>
      <input_file id="fl-102">
         <path>C:\ti\ccs1200\ccs\tools\compiler\ti-cgt-arm_20.2.7.LTS\lib\</path>
         <kind>archive</kind>
         <file>rtsv7M4_T_le_v4SPD16_eabi.lib</file>
         <name>unlink.c.obj</name>
      </input_file>
   </input_file_list>
   <object_component_list>
      <object_component id="oc-26">
         <name>.intvecs:retain</name>
         <load_address>0x0</load_address>
         <run_address>0x0</run_address>
         <size>0xe8</size>
         <input_file_ref idref="fl-6"/>
      </object_component>
      <object_component id="oc-153">
         <name>.text:__TI_printfi</name>
         <load_address>0xe8</load_address>
         <run_address>0xe8</run_address>
         <size>0xa4e</size>
         <input_file_ref idref="fl-c3"/>
      </object_component>
      <object_component id="oc-1f8">
         <name>.text:_nop</name>
         <load_address>0xb36</load_address>
         <run_address>0xb36</run_address>
         <size>0x2</size>
         <input_file_ref idref="fl-d7"/>
      </object_component>
      <object_component id="oc-b2">
         <name>.text</name>
         <load_address>0xb38</load_address>
         <run_address>0xb38</run_address>
         <size>0x350</size>
         <input_file_ref idref="fl-7"/>
      </object_component>
      <object_component id="oc-1d4">
         <name>.text:_pconv_a</name>
         <load_address>0xe88</load_address>
         <run_address>0xe88</run_address>
         <size>0x270</size>
         <input_file_ref idref="fl-c3"/>
      </object_component>
      <object_component id="oc-70">
         <name>.text</name>
         <load_address>0x10f8</load_address>
         <run_address>0x10f8</run_address>
         <size>0x268</size>
         <input_file_ref idref="fl-8"/>
      </object_component>
      <object_component id="oc-1c2">
         <name>.text:_pconv_g</name>
         <load_address>0x1360</load_address>
         <run_address>0x1360</run_address>
         <size>0x1d0</size>
         <input_file_ref idref="fl-c3"/>
      </object_component>
      <object_component id="oc-25e">
         <name>.text</name>
         <load_address>0x1530</load_address>
         <run_address>0x1530</run_address>
         <size>0x1b6</size>
         <input_file_ref idref="fl-c8"/>
      </object_component>
      <object_component id="oc-2e4">
         <name>.text</name>
         <load_address>0x16e6</load_address>
         <run_address>0x16e6</run_address>
         <size>0x2</size>
         <input_file_ref idref="fl-eb"/>
      </object_component>
      <object_component id="oc-1ce">
         <name>.text:_pconv_e</name>
         <load_address>0x16e8</load_address>
         <run_address>0x16e8</run_address>
         <size>0x13c</size>
         <input_file_ref idref="fl-c3"/>
      </object_component>
      <object_component id="oc-244">
         <name>.text</name>
         <load_address>0x1824</load_address>
         <run_address>0x1824</run_address>
         <size>0x136</size>
         <input_file_ref idref="fl-ca"/>
      </object_component>
      <object_component id="oc-270">
         <name>.text:fcvt</name>
         <load_address>0x195c</load_address>
         <run_address>0x195c</run_address>
         <size>0x124</size>
         <input_file_ref idref="fl-c3"/>
      </object_component>
      <object_component id="oc-206">
         <name>.text:fputs</name>
         <load_address>0x1a80</load_address>
         <run_address>0x1a80</run_address>
         <size>0x114</size>
         <input_file_ref idref="fl-c5"/>
      </object_component>
      <object_component id="oc-284">
         <name>.text:scalbn</name>
         <load_address>0x1b94</load_address>
         <run_address>0x1b94</run_address>
         <size>0x110</size>
         <input_file_ref idref="fl-e7"/>
      </object_component>
      <object_component id="oc-38e">
         <name>.text:aligned_alloc</name>
         <load_address>0x1ca4</load_address>
         <run_address>0x1ca4</run_address>
         <size>0x100</size>
         <input_file_ref idref="fl-de"/>
      </object_component>
      <object_component id="oc-be">
         <name>.text</name>
         <load_address>0x1da4</load_address>
         <run_address>0x1da4</run_address>
         <size>0xfc</size>
         <input_file_ref idref="fl-cb"/>
      </object_component>
      <object_component id="oc-101">
         <name>.text</name>
         <load_address>0x1ea0</load_address>
         <run_address>0x1ea0</run_address>
         <size>0xf8</size>
         <input_file_ref idref="fl-4"/>
      </object_component>
      <object_component id="oc-34c">
         <name>.text:free</name>
         <load_address>0x1f98</load_address>
         <run_address>0x1f98</run_address>
         <size>0xe4</size>
         <input_file_ref idref="fl-de"/>
      </object_component>
      <object_component id="oc-31e">
         <name>.text:setvbuf</name>
         <load_address>0x207c</load_address>
         <run_address>0x207c</run_address>
         <size>0xdc</size>
         <input_file_ref idref="fl-c7"/>
      </object_component>
      <object_component id="oc-1b7">
         <name>.text:_ltostr</name>
         <load_address>0x2158</load_address>
         <run_address>0x2158</run_address>
         <size>0xb1</size>
         <input_file_ref idref="fl-c3"/>
      </object_component>
      <object_component id="oc-3a">
         <name>.text</name>
         <load_address>0x220a</load_address>
         <run_address>0x220a</run_address>
         <size>0x9c</size>
         <input_file_ref idref="fl-d0"/>
      </object_component>
      <object_component id="oc-23d">
         <name>.text</name>
         <load_address>0x22a6</load_address>
         <run_address>0x22a6</run_address>
         <size>0x96</size>
         <input_file_ref idref="fl-d2"/>
      </object_component>
      <object_component id="oc-20d">
         <name>.text:fputc</name>
         <load_address>0x233c</load_address>
         <run_address>0x233c</run_address>
         <size>0x8c</size>
         <input_file_ref idref="fl-c4"/>
      </object_component>
      <object_component id="oc-1bd">
         <name>.text:__aeabi_cdcmple</name>
         <load_address>0x23c8</load_address>
         <run_address>0x23c8</run_address>
         <size>0x86</size>
         <input_file_ref idref="fl-c9"/>
      </object_component>
      <object_component id="oc-249">
         <name>.text:__aeabi_cdrcmple</name>
         <load_address>0x244e</load_address>
         <run_address>0x244e</run_address>
         <size>0x86</size>
         <input_file_ref idref="fl-c9"/>
      </object_component>
      <object_component id="oc-107">
         <name>.text</name>
         <load_address>0x24d4</load_address>
         <run_address>0x24d4</run_address>
         <size>0x80</size>
         <input_file_ref idref="fl-2"/>
      </object_component>
      <object_component id="oc-94">
         <name>.text</name>
         <load_address>0x2554</load_address>
         <run_address>0x2554</run_address>
         <size>0x7a</size>
         <input_file_ref idref="fl-d1"/>
      </object_component>
      <object_component id="oc-395">
         <name>.text:__TI_closefile</name>
         <load_address>0x25d0</load_address>
         <run_address>0x25d0</run_address>
         <size>0x74</size>
         <input_file_ref idref="fl-fb"/>
      </object_component>
      <object_component id="oc-3d6">
         <name>.text:split</name>
         <load_address>0x2644</load_address>
         <run_address>0x2644</run_address>
         <size>0x70</size>
         <input_file_ref idref="fl-de"/>
      </object_component>
      <object_component id="oc-269">
         <name>.text:_mcpy</name>
         <load_address>0x26b4</load_address>
         <run_address>0x26b4</run_address>
         <size>0x6e</size>
         <input_file_ref idref="fl-c3"/>
      </object_component>
      <object_component id="oc-c3">
         <name>.text</name>
         <load_address>0x2722</load_address>
         <run_address>0x2722</run_address>
         <size>0x6e</size>
         <input_file_ref idref="fl-cd"/>
      </object_component>
      <object_component id="oc-3c5">
         <name>.text:HOSTrename</name>
         <load_address>0x2790</load_address>
         <run_address>0x2790</run_address>
         <size>0x6c</size>
         <input_file_ref idref="fl-f4"/>
      </object_component>
      <object_component id="oc-3b9">
         <name>.text:HOSTlseek</name>
         <load_address>0x27fc</load_address>
         <run_address>0x27fc</run_address>
         <size>0x68</size>
         <input_file_ref idref="fl-f1"/>
      </object_component>
      <object_component id="oc-17">
         <name>.text:decompress:lzss:__TI_decompress_lzss</name>
         <load_address>0x2864</load_address>
         <run_address>0x2864</run_address>
         <size>0x68</size>
         <input_file_ref idref="fl-d5"/>
      </object_component>
      <object_component id="oc-c8">
         <name>.text:printf</name>
         <load_address>0x28cc</load_address>
         <run_address>0x28cc</run_address>
         <size>0x68</size>
         <input_file_ref idref="fl-c2"/>
      </object_component>
      <object_component id="oc-27e">
         <name>.text:frexp</name>
         <load_address>0x2934</load_address>
         <run_address>0x2934</run_address>
         <size>0x64</size>
         <input_file_ref idref="fl-e6"/>
      </object_component>
      <object_component id="oc-318">
         <name>.text:fseek</name>
         <load_address>0x2998</load_address>
         <run_address>0x2998</run_address>
         <size>0x64</size>
         <input_file_ref idref="fl-ea"/>
      </object_component>
      <object_component id="oc-2b5">
         <name>.text:__TI_wrt_ok</name>
         <load_address>0x29fc</load_address>
         <run_address>0x29fc</run_address>
         <size>0x62</size>
         <input_file_ref idref="fl-c6"/>
      </object_component>
      <object_component id="oc-3a1">
         <name>.text:HOSTopen</name>
         <load_address>0x2a60</load_address>
         <run_address>0x2a60</run_address>
         <size>0x60</size>
         <input_file_ref idref="fl-f2"/>
      </object_component>
      <object_component id="oc-3dd">
         <name>.text:close</name>
         <load_address>0x2ac0</load_address>
         <run_address>0x2ac0</run_address>
         <size>0x5c</size>
         <input_file_ref idref="fl-101"/>
      </object_component>
      <object_component id="oc-3ad">
         <name>.text:HOSTread</name>
         <load_address>0x2b1c</load_address>
         <run_address>0x2b1c</run_address>
         <size>0x58</size>
         <input_file_ref idref="fl-f3"/>
      </object_component>
      <object_component id="oc-3b3">
         <name>.text:HOSTwrite</name>
         <load_address>0x2b74</load_address>
         <run_address>0x2b74</run_address>
         <size>0x58</size>
         <input_file_ref idref="fl-f6"/>
      </object_component>
      <object_component id="oc-1c8">
         <name>.text:_pconv_f</name>
         <load_address>0x2bcc</load_address>
         <run_address>0x2bcc</run_address>
         <size>0x56</size>
         <input_file_ref idref="fl-c3"/>
      </object_component>
      <object_component id="oc-253">
         <name>.text:__TI_ltoa</name>
         <load_address>0x2c22</load_address>
         <run_address>0x2c22</run_address>
         <size>0x54</size>
         <input_file_ref idref="fl-d8"/>
      </object_component>
      <object_component id="oc-263">
         <name>.text:_ecpy</name>
         <load_address>0x2c76</load_address>
         <run_address>0x2c76</run_address>
         <size>0x52</size>
         <input_file_ref idref="fl-c3"/>
      </object_component>
      <object_component id="oc-2c1">
         <name>.text:__TI_doflush</name>
         <load_address>0x2cc8</load_address>
         <run_address>0x2cc8</run_address>
         <size>0x4c</size>
         <input_file_ref idref="fl-e8"/>
      </object_component>
      <object_component id="oc-1b1">
         <name>.text:atoi</name>
         <load_address>0x2d14</load_address>
         <run_address>0x2d14</run_address>
         <size>0x4c</size>
         <input_file_ref idref="fl-d9"/>
      </object_component>
      <object_component id="oc-ce">
         <name>.text</name>
         <load_address>0x2d60</load_address>
         <run_address>0x2d60</run_address>
         <size>0x4c</size>
         <input_file_ref idref="fl-5"/>
      </object_component>
      <object_component id="oc-114">
         <name>.text:exit</name>
         <load_address>0x2dac</load_address>
         <run_address>0x2dac</run_address>
         <size>0x48</size>
         <input_file_ref idref="fl-d6"/>
      </object_component>
      <object_component id="oc-24e">
         <name>.text</name>
         <load_address>0x2df4</load_address>
         <run_address>0x2df4</run_address>
         <size>0x48</size>
         <input_file_ref idref="fl-cc"/>
      </object_component>
      <object_component id="oc-3a7">
         <name>.text:HOSTclose</name>
         <load_address>0x2e3c</load_address>
         <run_address>0x2e3c</run_address>
         <size>0x44</size>
         <input_file_ref idref="fl-f0"/>
      </object_component>
      <object_component id="oc-3bf">
         <name>.text:HOSTunlink</name>
         <load_address>0x2e80</load_address>
         <run_address>0x2e80</run_address>
         <size>0x44</size>
         <input_file_ref idref="fl-f5"/>
      </object_component>
      <object_component id="oc-11a">
         <name>.text:__TI_auto_init_nobinit_nopinit:__TI_auto_init_nobinit_nopinit</name>
         <load_address>0x2ec4</load_address>
         <run_address>0x2ec4</run_address>
         <size>0x44</size>
         <input_file_ref idref="fl-ec"/>
      </object_component>
      <object_component id="oc-415">
         <name>.text:getdevice</name>
         <load_address>0x2f08</load_address>
         <run_address>0x2f08</run_address>
         <size>0x44</size>
         <input_file_ref idref="fl-fc"/>
      </object_component>
      <object_component id="oc-a0">
         <name>.text</name>
         <load_address>0x2f4c</load_address>
         <run_address>0x2f4c</run_address>
         <size>0x44</size>
         <input_file_ref idref="fl-3"/>
      </object_component>
      <object_component id="oc-276">
         <name>.text:_fcpy</name>
         <load_address>0x2f90</load_address>
         <run_address>0x2f90</run_address>
         <size>0x3e</size>
         <input_file_ref idref="fl-c3"/>
      </object_component>
      <object_component id="oc-3ee">
         <name>.text:__TI_writemsg</name>
         <load_address>0x2fd0</load_address>
         <run_address>0x2fd0</run_address>
         <size>0x38</size>
         <input_file_ref idref="fl-f7"/>
      </object_component>
      <object_component id="oc-b9">
         <name>.text</name>
         <load_address>0x3008</load_address>
         <run_address>0x3008</run_address>
         <size>0x38</size>
         <input_file_ref idref="fl-ce"/>
      </object_component>
      <object_component id="oc-437">
         <name>.text:strncpy</name>
         <load_address>0x3040</load_address>
         <run_address>0x3040</run_address>
         <size>0x36</size>
         <input_file_ref idref="fl-ff"/>
      </object_component>
      <object_component id="oc-358">
         <name>.text:__TI_cleanup</name>
         <load_address>0x3078</load_address>
         <run_address>0x3078</run_address>
         <size>0x34</size>
         <input_file_ref idref="fl-e9"/>
      </object_component>
      <object_component id="oc-3f4">
         <name>.text:__TI_readmsg</name>
         <load_address>0x30ac</load_address>
         <run_address>0x30ac</run_address>
         <size>0x34</size>
         <input_file_ref idref="fl-f7"/>
      </object_component>
      <object_component id="oc-58">
         <name>.text:_c_int00_noargs:_c_int00_noargs</name>
         <load_address>0x30e0</load_address>
         <run_address>0x30e0</run_address>
         <size>0x34</size>
         <input_file_ref idref="fl-e1"/>
      </object_component>
      <object_component id="oc-43d">
         <name>.text:finddevice</name>
         <load_address>0x3114</load_address>
         <run_address>0x3114</run_address>
         <size>0x30</size>
         <input_file_ref idref="fl-fc"/>
      </object_component>
      <object_component id="oc-259">
         <name>.text</name>
         <load_address>0x3144</load_address>
         <run_address>0x3144</run_address>
         <size>0x2e</size>
         <input_file_ref idref="fl-cf"/>
      </object_component>
      <object_component id="oc-3e3">
         <name>.text:unlink</name>
         <load_address>0x3174</load_address>
         <run_address>0x3174</run_address>
         <size>0x2c</size>
         <input_file_ref idref="fl-102"/>
      </object_component>
      <object_component id="oc-387">
         <name>.text:free_list_insert</name>
         <load_address>0x31a0</load_address>
         <run_address>0x31a0</run_address>
         <size>0x28</size>
         <input_file_ref idref="fl-de"/>
      </object_component>
      <object_component id="oc-344">
         <name>.text:lseek</name>
         <load_address>0x31c8</load_address>
         <run_address>0x31c8</run_address>
         <size>0x28</size>
         <input_file_ref idref="fl-f9"/>
      </object_component>
      <object_component id="oc-2c7">
         <name>.text:write</name>
         <load_address>0x31f0</load_address>
         <run_address>0x31f0</run_address>
         <size>0x28</size>
         <input_file_ref idref="fl-e2"/>
      </object_component>
      <object_component id="oc-2bb">
         <name>.text:memchr</name>
         <load_address>0x3218</load_address>
         <run_address>0x3218</run_address>
         <size>0x20</size>
         <input_file_ref idref="fl-dd"/>
      </object_component>
      <object_component id="oc-46">
         <name>.text:decompress:ZI:__TI_zero_init_nomemset:__TI_zero_init_nomemset</name>
         <load_address>0x3238</load_address>
         <run_address>0x3238</run_address>
         <size>0x1c</size>
         <input_file_ref idref="fl-d3"/>
      </object_component>
      <object_component id="oc-381">
         <name>.text:free_list_remove</name>
         <load_address>0x3254</load_address>
         <run_address>0x3254</run_address>
         <size>0x1c</size>
         <input_file_ref idref="fl-de"/>
      </object_component>
      <object_component id="oc-1da">
         <name>.text:memccpy</name>
         <load_address>0x3270</load_address>
         <run_address>0x3270</run_address>
         <size>0x1c</size>
         <input_file_ref idref="fl-dc"/>
      </object_component>
      <object_component id="oc-2fc">
         <name>.text:copysign</name>
         <load_address>0x328c</load_address>
         <run_address>0x328c</run_address>
         <size>0x1a</size>
         <input_file_ref idref="fl-fa"/>
      </object_component>
      <object_component id="oc-454">
         <name>.text:strcmp</name>
         <load_address>0x32a6</load_address>
         <run_address>0x32a6</run_address>
         <size>0x18</size>
         <input_file_ref idref="fl-fd"/>
      </object_component>
      <object_component id="oc-28a">
         <name>.text:strchr</name>
         <load_address>0x32be</load_address>
         <run_address>0x32be</run_address>
         <size>0x16</size>
         <input_file_ref idref="fl-df"/>
      </object_component>
      <object_component id="oc-408">
         <name>.text:strcpy</name>
         <load_address>0x32d4</load_address>
         <run_address>0x32d4</run_address>
         <size>0x14</size>
         <input_file_ref idref="fl-fe"/>
      </object_component>
      <object_component id="oc-1ab">
         <name>.text:strlen</name>
         <load_address>0x32e8</load_address>
         <run_address>0x32e8</run_address>
         <size>0x14</size>
         <input_file_ref idref="fl-e0"/>
      </object_component>
      <object_component id="oc-1e0">
         <name>.text:wcslen</name>
         <load_address>0x32fc</load_address>
         <run_address>0x32fc</run_address>
         <size>0x12</size>
         <input_file_ref idref="fl-e5"/>
      </object_component>
      <object_component id="oc-1d">
         <name>.text:decompress:none:__TI_decompress_none</name>
         <load_address>0x330e</load_address>
         <run_address>0x330e</run_address>
         <size>0xe</size>
         <input_file_ref idref="fl-d4"/>
      </object_component>
      <object_component id="oc-6a">
         <name>.text</name>
         <load_address>0x331c</load_address>
         <run_address>0x331c</run_address>
         <size>0xe</size>
         <input_file_ref idref="fl-6"/>
      </object_component>
      <object_component id="oc-1e6">
         <name>.text:__aeabi_errno_addr</name>
         <load_address>0x332c</load_address>
         <run_address>0x332c</run_address>
         <size>0x8</size>
         <input_file_ref idref="fl-e4"/>
      </object_component>
      <object_component id="oc-352">
         <name>.text:malloc</name>
         <load_address>0x3334</load_address>
         <run_address>0x3334</run_address>
         <size>0x8</size>
         <input_file_ref idref="fl-de"/>
      </object_component>
      <object_component id="oc-165">
         <name>.text:_outc</name>
         <load_address>0x333c</load_address>
         <run_address>0x333c</run_address>
         <size>0x4</size>
         <input_file_ref idref="fl-c2"/>
      </object_component>
      <object_component id="oc-15f">
         <name>.text:_outs</name>
         <load_address>0x3340</load_address>
         <run_address>0x3340</run_address>
         <size>0x4</size>
         <input_file_ref idref="fl-c2"/>
      </object_component>
      <object_component id="oc-9a">
         <name>.text:_system_pre_init</name>
         <load_address>0x3344</load_address>
         <run_address>0x3344</run_address>
         <size>0x4</size>
         <input_file_ref idref="fl-ed"/>
      </object_component>
      <object_component id="oc-10e">
         <name>.text:abort:abort</name>
         <load_address>0x3348</load_address>
         <run_address>0x3348</run_address>
         <size>0x4</size>
         <input_file_ref idref="fl-d6"/>
      </object_component>
      <object_component id="oc-238">
         <name>.const:.string:_ctypes_</name>
         <load_address>0x334c</load_address>
         <run_address>0x334c</run_address>
         <size>0x101</size>
         <input_file_ref idref="fl-da"/>
      </object_component>
      <object_component id="oc-494">
         <name>.cinit..data.load</name>
         <load_address>0x3450</load_address>
         <run_address>0x3450</run_address>
         <size>0x6d</size>
      </object_component>
      <object_component id="oc-492">
         <name>__TI_handler_table</name>
         <load_address>0x34c0</load_address>
         <run_address>0x34c0</run_address>
         <size>0xc</size>
      </object_component>
      <object_component id="oc-495">
         <name>.cinit..bss.load</name>
         <load_address>0x34d0</load_address>
         <run_address>0x34d0</run_address>
         <size>0x8</size>
      </object_component>
      <object_component id="oc-493">
         <name>__TI_cinit_table</name>
         <load_address>0x34d8</load_address>
         <run_address>0x34d8</run_address>
         <size>0x10</size>
      </object_component>
      <object_component id="oc-466">
         <name>.binit</name>
         <load_address>0x0</load_address>
         <run_address>0x0</run_address>
         <size>0x0</size>
      </object_component>
      <object_component id="oc-14c">
         <name>.data</name>
         <load_address>0x200005e8</load_address>
         <run_address>0x200005e8</run_address>
         <size>0x4</size>
         <input_file_ref idref="fl-7"/>
      </object_component>
      <object_component id="oc-18d">
         <name>.data:$O1$$</name>
         <load_address>0x200005c8</load_address>
         <run_address>0x200005c8</run_address>
         <size>0xc</size>
         <input_file_ref idref="fl-d6"/>
      </object_component>
      <object_component id="oc-159">
         <name>.data:$O1$$</name>
         <load_address>0x200005d4</load_address>
         <run_address>0x200005d4</run_address>
         <size>0x8</size>
         <input_file_ref idref="fl-d7"/>
      </object_component>
      <object_component id="oc-15c">
         <name>.data:_ftable</name>
         <load_address>0x20000400</load_address>
         <run_address>0x20000400</run_address>
         <size>0xf0</size>
         <input_file_ref idref="fl-db"/>
      </object_component>
      <object_component id="oc-39b">
         <name>.data</name>
         <load_address>0x200005b8</load_address>
         <run_address>0x200005b8</run_address>
         <size>0x10</size>
         <input_file_ref idref="fl-db"/>
      </object_component>
      <object_component id="oc-3d1">
         <name>.data:$O1$$</name>
         <load_address>0x200005dc</load_address>
         <run_address>0x200005dc</run_address>
         <size>0x8</size>
         <input_file_ref idref="fl-de"/>
      </object_component>
      <object_component id="oc-36b">
         <name>.data:_device</name>
         <load_address>0x200004f0</load_address>
         <run_address>0x200004f0</run_address>
         <size>0x78</size>
         <input_file_ref idref="fl-e3"/>
      </object_component>
      <object_component id="oc-32a">
         <name>.data:_stream</name>
         <load_address>0x20000568</load_address>
         <run_address>0x20000568</run_address>
         <size>0x50</size>
         <input_file_ref idref="fl-e3"/>
      </object_component>
      <object_component id="oc-29a">
         <name>.data</name>
         <load_address>0x200005e4</load_address>
         <run_address>0x200005e4</run_address>
         <size>0x4</size>
         <input_file_ref idref="fl-e4"/>
      </object_component>
      <object_component id="oc-172">
         <name>.bss</name>
         <uninitialized>true</uninitialized>
         <run_address>0x200007bc</run_address>
         <size>0x4</size>
         <input_file_ref idref="fl-5"/>
      </object_component>
      <object_component id="oc-d4">
         <name>.bss:cap_vals</name>
         <uninitialized>true</uninitialized>
         <run_address>0x200007ac</run_address>
         <size>0x8</size>
         <input_file_ref idref="fl-8"/>
      </object_component>
      <object_component id="oc-41f">
         <name>.bss:_CIOBUF_</name>
         <uninitialized>true</uninitialized>
         <run_address>0x200005ec</run_address>
         <size>0x120</size>
         <input_file_ref idref="fl-f7"/>
      </object_component>
      <object_component id="oc-3e9">
         <name>.common:__TI_tmpnams</name>
         <uninitialized>true</uninitialized>
         <run_address>0x2000070c</run_address>
         <size>0xa0</size>
      </object_component>
      <object_component id="oc-3fa">
         <name>.common:parmbuf</name>
         <uninitialized>true</uninitialized>
         <run_address>0x200007b4</run_address>
         <size>0x8</size>
      </object_component>
      <object_component id="oc-29">
         <name>.sysmem</name>
         <uninitialized>true</uninitialized>
         <run_address>0x20000000</run_address>
         <size>0x10</size>
         <input_file_ref idref="fl-de"/>
      </object_component>
      <object_component id="oc-498">
         <name>.sysmem</name>
         <uninitialized>true</uninitialized>
         <run_address>0x20000000</run_address>
         <size>0x0</size>
      </object_component>
      <object_component id="oc-2c">
         <name>.stack</name>
         <uninitialized>true</uninitialized>
         <run_address>0x2003fe00</run_address>
         <size>0x4</size>
         <input_file_ref idref="fl-e1"/>
      </object_component>
      <object_component id="oc-497">
         <name>.stack</name>
         <uninitialized>true</uninitialized>
         <run_address>0x2003fe00</run_address>
         <size>0x0</size>
      </object_component>
      <object_component id="oc-189">
         <name>.debug_info</name>
         <load_address>0x0</load_address>
         <run_address>0x0</run_address>
         <size>0x563</size>
         <input_file_ref idref="fl-2"/>
      </object_component>
      <object_component id="oc-10b">
         <name>.debug_info</name>
         <load_address>0x563</load_address>
         <run_address>0x563</run_address>
         <size>0x10c</size>
         <input_file_ref idref="fl-2"/>
      </object_component>
      <object_component id="oc-17a">
         <name>.debug_info</name>
         <load_address>0x66f</load_address>
         <run_address>0x66f</run_address>
         <size>0x3c27</size>
         <input_file_ref idref="fl-2"/>
      </object_component>
      <object_component id="oc-e0">
         <name>.debug_info</name>
         <load_address>0x4296</load_address>
         <run_address>0x4296</run_address>
         <size>0x26b</size>
         <input_file_ref idref="fl-2"/>
      </object_component>
      <object_component id="oc-17f">
         <name>.debug_info</name>
         <load_address>0x4501</load_address>
         <run_address>0x4501</run_address>
         <size>0x1055</size>
         <input_file_ref idref="fl-2"/>
      </object_component>
      <object_component id="oc-35">
         <name>.debug_info</name>
         <load_address>0x5556</load_address>
         <run_address>0x5556</run_address>
         <size>0x84</size>
         <input_file_ref idref="fl-2"/>
      </object_component>
      <object_component id="oc-184">
         <name>.debug_info</name>
         <load_address>0x55da</load_address>
         <run_address>0x55da</run_address>
         <size>0x2a4</size>
         <input_file_ref idref="fl-2"/>
      </object_component>
      <object_component id="oc-d9">
         <name>.debug_info</name>
         <load_address>0x587e</load_address>
         <run_address>0x587e</run_address>
         <size>0xbb</size>
         <input_file_ref idref="fl-2"/>
      </object_component>
      <object_component id="oc-a1">
         <name>.debug_info</name>
         <load_address>0x5939</load_address>
         <run_address>0x5939</run_address>
         <size>0x1e7</size>
         <input_file_ref idref="fl-3"/>
      </object_component>
      <object_component id="oc-16d">
         <name>.debug_info</name>
         <load_address>0x5b20</load_address>
         <run_address>0x5b20</run_address>
         <size>0x2c</size>
         <input_file_ref idref="fl-3"/>
      </object_component>
      <object_component id="oc-103">
         <name>.debug_info</name>
         <load_address>0x5b4c</load_address>
         <run_address>0x5b4c</run_address>
         <size>0x2d8</size>
         <input_file_ref idref="fl-4"/>
      </object_component>
      <object_component id="oc-173">
         <name>.debug_info</name>
         <load_address>0x5e24</load_address>
         <run_address>0x5e24</run_address>
         <size>0xe6</size>
         <input_file_ref idref="fl-5"/>
      </object_component>
      <object_component id="oc-cf">
         <name>.debug_info</name>
         <load_address>0x5f0a</load_address>
         <run_address>0x5f0a</run_address>
         <size>0x29a</size>
         <input_file_ref idref="fl-5"/>
      </object_component>
      <object_component id="oc-78">
         <name>.debug_info</name>
         <load_address>0x61a4</load_address>
         <run_address>0x61a4</run_address>
         <size>0x2cb</size>
         <input_file_ref idref="fl-6"/>
      </object_component>
      <object_component id="oc-27">
         <name>.debug_info</name>
         <load_address>0x646f</load_address>
         <run_address>0x646f</run_address>
         <size>0xf7</size>
         <input_file_ref idref="fl-6"/>
      </object_component>
      <object_component id="oc-6d">
         <name>.debug_info</name>
         <load_address>0x6566</load_address>
         <run_address>0x6566</run_address>
         <size>0x1be</size>
         <input_file_ref idref="fl-6"/>
      </object_component>
      <object_component id="oc-14d">
         <name>.debug_info</name>
         <load_address>0x6724</load_address>
         <run_address>0x6724</run_address>
         <size>0xf0</size>
         <input_file_ref idref="fl-7"/>
      </object_component>
      <object_component id="oc-b4">
         <name>.debug_info</name>
         <load_address>0x6814</load_address>
         <run_address>0x6814</run_address>
         <size>0x262</size>
         <input_file_ref idref="fl-7"/>
      </object_component>
      <object_component id="oc-d8">
         <name>.debug_info</name>
         <load_address>0x6a76</load_address>
         <run_address>0x6a76</run_address>
         <size>0x5e0</size>
         <input_file_ref idref="fl-8"/>
      </object_component>
      <object_component id="oc-d5">
         <name>.debug_info</name>
         <load_address>0x7056</load_address>
         <run_address>0x7056</run_address>
         <size>0xd9</size>
         <input_file_ref idref="fl-8"/>
      </object_component>
      <object_component id="oc-73">
         <name>.debug_info</name>
         <load_address>0x712f</load_address>
         <run_address>0x712f</run_address>
         <size>0x4aa</size>
         <input_file_ref idref="fl-8"/>
      </object_component>
      <object_component id="oc-16c">
         <name>.debug_info</name>
         <load_address>0x75d9</load_address>
         <run_address>0x75d9</run_address>
         <size>0x3e5</size>
         <input_file_ref idref="fl-c2"/>
      </object_component>
      <object_component id="oc-169">
         <name>.debug_info</name>
         <load_address>0x79be</load_address>
         <run_address>0x79be</run_address>
         <size>0x157</size>
         <input_file_ref idref="fl-c2"/>
      </object_component>
      <object_component id="oc-161">
         <name>.debug_info</name>
         <load_address>0x7b15</load_address>
         <run_address>0x7b15</run_address>
         <size>0x166</size>
         <input_file_ref idref="fl-c2"/>
      </object_component>
      <object_component id="oc-ca">
         <name>.debug_info</name>
         <load_address>0x7c7b</load_address>
         <run_address>0x7c7b</run_address>
         <size>0x1ac</size>
         <input_file_ref idref="fl-c2"/>
      </object_component>
      <object_component id="oc-216">
         <name>.debug_info</name>
         <load_address>0x7e27</load_address>
         <run_address>0x7e27</run_address>
         <size>0xb2</size>
         <input_file_ref idref="fl-c2"/>
      </object_component>
      <object_component id="oc-1ed">
         <name>.debug_info</name>
         <load_address>0x7ed9</load_address>
         <run_address>0x7ed9</run_address>
         <size>0x590</size>
         <input_file_ref idref="fl-c3"/>
      </object_component>
      <object_component id="oc-1bb">
         <name>.debug_info</name>
         <load_address>0x8469</load_address>
         <run_address>0x8469</run_address>
         <size>0x21e</size>
         <input_file_ref idref="fl-c3"/>
      </object_component>
      <object_component id="oc-267">
         <name>.debug_info</name>
         <load_address>0x8687</load_address>
         <run_address>0x8687</run_address>
         <size>0x1b3</size>
         <input_file_ref idref="fl-c3"/>
      </object_component>
      <object_component id="oc-26d">
         <name>.debug_info</name>
         <load_address>0x883a</load_address>
         <run_address>0x883a</run_address>
         <size>0x21b</size>
         <input_file_ref idref="fl-c3"/>
      </object_component>
      <object_component id="oc-1c6">
         <name>.debug_info</name>
         <load_address>0x8a55</load_address>
         <run_address>0x8a55</run_address>
         <size>0x3c0</size>
         <input_file_ref idref="fl-c3"/>
      </object_component>
      <object_component id="oc-274">
         <name>.debug_info</name>
         <load_address>0x8e15</load_address>
         <run_address>0x8e15</run_address>
         <size>0x30a</size>
         <input_file_ref idref="fl-c3"/>
      </object_component>
      <object_component id="oc-27a">
         <name>.debug_info</name>
         <load_address>0x911f</load_address>
         <run_address>0x911f</run_address>
         <size>0x215</size>
         <input_file_ref idref="fl-c3"/>
      </object_component>
      <object_component id="oc-1cc">
         <name>.debug_info</name>
         <load_address>0x9334</load_address>
         <run_address>0x9334</run_address>
         <size>0x215</size>
         <input_file_ref idref="fl-c3"/>
      </object_component>
      <object_component id="oc-1d2">
         <name>.debug_info</name>
         <load_address>0x9549</load_address>
         <run_address>0x9549</run_address>
         <size>0x304</size>
         <input_file_ref idref="fl-c3"/>
      </object_component>
      <object_component id="oc-1d8">
         <name>.debug_info</name>
         <load_address>0x984d</load_address>
         <run_address>0x984d</run_address>
         <size>0x4b5</size>
         <input_file_ref idref="fl-c3"/>
      </object_component>
      <object_component id="oc-157">
         <name>.debug_info</name>
         <load_address>0x9d02</load_address>
         <run_address>0x9d02</run_address>
         <size>0x5f4</size>
         <input_file_ref idref="fl-c3"/>
      </object_component>
      <object_component id="oc-1ee">
         <name>.debug_info</name>
         <load_address>0xa2f6</load_address>
         <run_address>0xa2f6</run_address>
         <size>0x86</size>
         <input_file_ref idref="fl-c3"/>
      </object_component>
      <object_component id="oc-2a6">
         <name>.debug_info</name>
         <load_address>0xa37c</load_address>
         <run_address>0xa37c</run_address>
         <size>0x39</size>
         <input_file_ref idref="fl-c3"/>
      </object_component>
      <object_component id="oc-313">
         <name>.debug_info</name>
         <load_address>0xa3b5</load_address>
         <run_address>0xa3b5</run_address>
         <size>0xb6</size>
         <input_file_ref idref="fl-c3"/>
      </object_component>
      <object_component id="oc-2ab">
         <name>.debug_info</name>
         <load_address>0xa46b</load_address>
         <run_address>0xa46b</run_address>
         <size>0x46</size>
         <input_file_ref idref="fl-c3"/>
      </object_component>
      <object_component id="oc-1f3">
         <name>.debug_info</name>
         <load_address>0xa4b1</load_address>
         <run_address>0xa4b1</run_address>
         <size>0x46</size>
         <input_file_ref idref="fl-c3"/>
      </object_component>
      <object_component id="oc-2a1">
         <name>.debug_info</name>
         <load_address>0xa4f7</load_address>
         <run_address>0xa4f7</run_address>
         <size>0x2c</size>
         <input_file_ref idref="fl-c3"/>
      </object_component>
      <object_component id="oc-2d0">
         <name>.debug_info</name>
         <load_address>0xa523</load_address>
         <run_address>0xa523</run_address>
         <size>0x383</size>
         <input_file_ref idref="fl-c4"/>
      </object_component>
      <object_component id="oc-210">
         <name>.debug_info</name>
         <load_address>0xa8a6</load_address>
         <run_address>0xa8a6</run_address>
         <size>0x1ea</size>
         <input_file_ref idref="fl-c4"/>
      </object_component>
      <object_component id="oc-2ce">
         <name>.debug_info</name>
         <load_address>0xaa90</load_address>
         <run_address>0xaa90</run_address>
         <size>0x3fc</size>
         <input_file_ref idref="fl-c5"/>
      </object_component>
      <object_component id="oc-209">
         <name>.debug_info</name>
         <load_address>0xae8c</load_address>
         <run_address>0xae8c</run_address>
         <size>0x2e2</size>
         <input_file_ref idref="fl-c5"/>
      </object_component>
      <object_component id="oc-f8">
         <name>.debug_info</name>
         <load_address>0xb16e</load_address>
         <run_address>0xb16e</run_address>
         <size>0x2c</size>
         <input_file_ref idref="fl-c5"/>
      </object_component>
      <object_component id="oc-325">
         <name>.debug_info</name>
         <load_address>0xb19a</load_address>
         <run_address>0xb19a</run_address>
         <size>0x300</size>
         <input_file_ref idref="fl-c6"/>
      </object_component>
      <object_component id="oc-2b6">
         <name>.debug_info</name>
         <load_address>0xb49a</load_address>
         <run_address>0xb49a</run_address>
         <size>0x19c</size>
         <input_file_ref idref="fl-c6"/>
      </object_component>
      <object_component id="oc-360">
         <name>.debug_info</name>
         <load_address>0xb636</load_address>
         <run_address>0xb636</run_address>
         <size>0xbf</size>
         <input_file_ref idref="fl-c6"/>
      </object_component>
      <object_component id="oc-35f">
         <name>.debug_info</name>
         <load_address>0xb6f5</load_address>
         <run_address>0xb6f5</run_address>
         <size>0x374</size>
         <input_file_ref idref="fl-c7"/>
      </object_component>
      <object_component id="oc-322">
         <name>.debug_info</name>
         <load_address>0xba69</load_address>
         <run_address>0xba69</run_address>
         <size>0x20b</size>
         <input_file_ref idref="fl-c7"/>
      </object_component>
      <object_component id="oc-261">
         <name>.debug_info</name>
         <load_address>0xbc74</load_address>
         <run_address>0xbc74</run_address>
         <size>0x14c</size>
         <input_file_ref idref="fl-c8"/>
      </object_component>
      <object_component id="oc-1c0">
         <name>.debug_info</name>
         <load_address>0xbdc0</load_address>
         <run_address>0xbdc0</run_address>
         <size>0x128</size>
         <input_file_ref idref="fl-c9"/>
      </object_component>
      <object_component id="oc-24c">
         <name>.debug_info</name>
         <load_address>0xbee8</load_address>
         <run_address>0xbee8</run_address>
         <size>0x12a</size>
         <input_file_ref idref="fl-c9"/>
      </object_component>
      <object_component id="oc-245">
         <name>.debug_info</name>
         <load_address>0xc012</load_address>
         <run_address>0xc012</run_address>
         <size>0x13a</size>
         <input_file_ref idref="fl-ca"/>
      </object_component>
      <object_component id="oc-bf">
         <name>.debug_info</name>
         <load_address>0xc14c</load_address>
         <run_address>0xc14c</run_address>
         <size>0x13a</size>
         <input_file_ref idref="fl-cb"/>
      </object_component>
      <object_component id="oc-24f">
         <name>.debug_info</name>
         <load_address>0xc286</load_address>
         <run_address>0xc286</run_address>
         <size>0x12e</size>
         <input_file_ref idref="fl-cc"/>
      </object_component>
      <object_component id="oc-c5">
         <name>.debug_info</name>
         <load_address>0xc3b4</load_address>
         <run_address>0xc3b4</run_address>
         <size>0x13e</size>
         <input_file_ref idref="fl-cd"/>
      </object_component>
      <object_component id="oc-ba">
         <name>.debug_info</name>
         <load_address>0xc4f2</load_address>
         <run_address>0xc4f2</run_address>
         <size>0x12c</size>
         <input_file_ref idref="fl-ce"/>
      </object_component>
      <object_component id="oc-25b">
         <name>.debug_info</name>
         <load_address>0xc61e</load_address>
         <run_address>0xc61e</run_address>
         <size>0x12c</size>
         <input_file_ref idref="fl-cf"/>
      </object_component>
      <object_component id="oc-3d">
         <name>.debug_info</name>
         <load_address>0xc74a</load_address>
         <run_address>0xc74a</run_address>
         <size>0x119</size>
         <input_file_ref idref="fl-d0"/>
      </object_component>
      <object_component id="oc-96">
         <name>.debug_info</name>
         <load_address>0xc863</load_address>
         <run_address>0xc863</run_address>
         <size>0x147</size>
         <input_file_ref idref="fl-d1"/>
      </object_component>
      <object_component id="oc-240">
         <name>.debug_info</name>
         <load_address>0xc9aa</load_address>
         <run_address>0xc9aa</run_address>
         <size>0x134</size>
         <input_file_ref idref="fl-d2"/>
      </object_component>
      <object_component id="oc-93">
         <name>.debug_info</name>
         <load_address>0xcade</load_address>
         <run_address>0xcade</run_address>
         <size>0x2d4</size>
         <input_file_ref idref="fl-d3"/>
      </object_component>
      <object_component id="oc-47">
         <name>.debug_info</name>
         <load_address>0xcdb2</load_address>
         <run_address>0xcdb2</run_address>
         <size>0x1d2</size>
         <input_file_ref idref="fl-d3"/>
      </object_component>
      <object_component id="oc-8e">
         <name>.debug_info</name>
         <load_address>0xcf84</load_address>
         <run_address>0xcf84</run_address>
         <size>0x46</size>
         <input_file_ref idref="fl-d3"/>
      </object_component>
      <object_component id="oc-45">
         <name>.debug_info</name>
         <load_address>0xcfca</load_address>
         <run_address>0xcfca</run_address>
         <size>0x2a8</size>
         <input_file_ref idref="fl-d4"/>
      </object_component>
      <object_component id="oc-21">
         <name>.debug_info</name>
         <load_address>0xd272</load_address>
         <run_address>0xd272</run_address>
         <size>0x1ea</size>
         <input_file_ref idref="fl-d4"/>
      </object_component>
      <object_component id="oc-40">
         <name>.debug_info</name>
         <load_address>0xd45c</load_address>
         <run_address>0xd45c</run_address>
         <size>0x46</size>
         <input_file_ref idref="fl-d4"/>
      </object_component>
      <object_component id="oc-86">
         <name>.debug_info</name>
         <load_address>0xd4a2</load_address>
         <run_address>0xd4a2</run_address>
         <size>0x2c</size>
         <input_file_ref idref="fl-d4"/>
      </object_component>
      <object_component id="oc-84">
         <name>.debug_info</name>
         <load_address>0xd4ce</load_address>
         <run_address>0xd4ce</run_address>
         <size>0x29e</size>
         <input_file_ref idref="fl-d5"/>
      </object_component>
      <object_component id="oc-1a">
         <name>.debug_info</name>
         <load_address>0xd76c</load_address>
         <run_address>0xd76c</run_address>
         <size>0x250</size>
         <input_file_ref idref="fl-d5"/>
      </object_component>
      <object_component id="oc-30">
         <name>.debug_info</name>
         <load_address>0xd9bc</load_address>
         <run_address>0xd9bc</run_address>
         <size>0x60</size>
         <input_file_ref idref="fl-d5"/>
      </object_component>
      <object_component id="oc-f1">
         <name>.debug_info</name>
         <load_address>0xda1c</load_address>
         <run_address>0xda1c</run_address>
         <size>0x46</size>
         <input_file_ref idref="fl-d5"/>
      </object_component>
      <object_component id="oc-7f">
         <name>.debug_info</name>
         <load_address>0xda62</load_address>
         <run_address>0xda62</run_address>
         <size>0x39</size>
         <input_file_ref idref="fl-d5"/>
      </object_component>
      <object_component id="oc-191">
         <name>.debug_info</name>
         <load_address>0xda9b</load_address>
         <run_address>0xda9b</run_address>
         <size>0x3ad</size>
         <input_file_ref idref="fl-d6"/>
      </object_component>
      <object_component id="oc-18e">
         <name>.debug_info</name>
         <load_address>0xde48</load_address>
         <run_address>0xde48</run_address>
         <size>0x190</size>
         <input_file_ref idref="fl-d6"/>
      </object_component>
      <object_component id="oc-10f">
         <name>.debug_info</name>
         <load_address>0xdfd8</load_address>
         <run_address>0xdfd8</run_address>
         <size>0x122</size>
         <input_file_ref idref="fl-d6"/>
      </object_component>
      <object_component id="oc-115">
         <name>.debug_info</name>
         <load_address>0xe0fa</load_address>
         <run_address>0xe0fa</run_address>
         <size>0x184</size>
         <input_file_ref idref="fl-d6"/>
      </object_component>
      <object_component id="oc-200">
         <name>.debug_info</name>
         <load_address>0xe27e</load_address>
         <run_address>0xe27e</run_address>
         <size>0x2c9</size>
         <input_file_ref idref="fl-d7"/>
      </object_component>
      <object_component id="oc-15a">
         <name>.debug_info</name>
         <load_address>0xe547</load_address>
         <run_address>0xe547</run_address>
         <size>0x11e</size>
         <input_file_ref idref="fl-d7"/>
      </object_component>
      <object_component id="oc-1f9">
         <name>.debug_info</name>
         <load_address>0xe665</load_address>
         <run_address>0xe665</run_address>
         <size>0x12e</size>
         <input_file_ref idref="fl-d7"/>
      </object_component>
      <object_component id="oc-2ee">
         <name>.debug_info</name>
         <load_address>0xe793</load_address>
         <run_address>0xe793</run_address>
         <size>0x29c</size>
         <input_file_ref idref="fl-d8"/>
      </object_component>
      <object_component id="oc-254">
         <name>.debug_info</name>
         <load_address>0xea2f</load_address>
         <run_address>0xea2f</run_address>
         <size>0x1da</size>
         <input_file_ref idref="fl-d8"/>
      </object_component>
      <object_component id="oc-23c">
         <name>.debug_info</name>
         <load_address>0xec09</load_address>
         <run_address>0xec09</run_address>
         <size>0x2b9</size>
         <input_file_ref idref="fl-d9"/>
      </object_component>
      <object_component id="oc-1b2">
         <name>.debug_info</name>
         <load_address>0xeec2</load_address>
         <run_address>0xeec2</run_address>
         <size>0x17c</size>
         <input_file_ref idref="fl-d9"/>
      </object_component>
      <object_component id="oc-2e1">
         <name>.debug_info</name>
         <load_address>0xf03e</load_address>
         <run_address>0xf03e</run_address>
         <size>0xf9</size>
         <input_file_ref idref="fl-da"/>
      </object_component>
      <object_component id="oc-239">
         <name>.debug_info</name>
         <load_address>0xf137</load_address>
         <run_address>0xf137</run_address>
         <size>0x105</size>
         <input_file_ref idref="fl-da"/>
      </object_component>
      <object_component id="oc-204">
         <name>.debug_info</name>
         <load_address>0xf23c</load_address>
         <run_address>0xf23c</run_address>
         <size>0x144</size>
         <input_file_ref idref="fl-db"/>
      </object_component>
      <object_component id="oc-15d">
         <name>.debug_info</name>
         <load_address>0xf380</load_address>
         <run_address>0xf380</run_address>
         <size>0x102</size>
         <input_file_ref idref="fl-db"/>
      </object_component>
      <object_component id="oc-39c">
         <name>.debug_info</name>
         <load_address>0xf482</load_address>
         <run_address>0xf482</run_address>
         <size>0x18f</size>
         <input_file_ref idref="fl-db"/>
      </object_component>
      <object_component id="oc-292">
         <name>.debug_info</name>
         <load_address>0xf611</load_address>
         <run_address>0xf611</run_address>
         <size>0x2a7</size>
         <input_file_ref idref="fl-dc"/>
      </object_component>
      <object_component id="oc-1de">
         <name>.debug_info</name>
         <load_address>0xf8b8</load_address>
         <run_address>0xf8b8</run_address>
         <size>0x1b8</size>
         <input_file_ref idref="fl-dc"/>
      </object_component>
      <object_component id="oc-327">
         <name>.debug_info</name>
         <load_address>0xfa70</load_address>
         <run_address>0xfa70</run_address>
         <size>0x2a5</size>
         <input_file_ref idref="fl-dd"/>
      </object_component>
      <object_component id="oc-2be">
         <name>.debug_info</name>
         <load_address>0xfd15</load_address>
         <run_address>0xfd15</run_address>
         <size>0x25d</size>
         <input_file_ref idref="fl-dd"/>
      </object_component>
      <object_component id="oc-7b">
         <name>.debug_info</name>
         <load_address>0xff72</load_address>
         <run_address>0xff72</run_address>
         <size>0x3b2</size>
         <input_file_ref idref="fl-de"/>
      </object_component>
      <object_component id="oc-2a">
         <name>.debug_info</name>
         <load_address>0x10324</load_address>
         <run_address>0x10324</run_address>
         <size>0x10c</size>
         <input_file_ref idref="fl-de"/>
      </object_component>
      <object_component id="oc-3d2">
         <name>.debug_info</name>
         <load_address>0x10430</load_address>
         <run_address>0x10430</run_address>
         <size>0x13f</size>
         <input_file_ref idref="fl-de"/>
      </object_component>
      <object_component id="oc-353">
         <name>.debug_info</name>
         <load_address>0x1056f</load_address>
         <run_address>0x1056f</run_address>
         <size>0x168</size>
         <input_file_ref idref="fl-de"/>
      </object_component>
      <object_component id="oc-382">
         <name>.debug_info</name>
         <load_address>0x106d7</load_address>
         <run_address>0x106d7</run_address>
         <size>0x18e</size>
         <input_file_ref idref="fl-de"/>
      </object_component>
      <object_component id="oc-388">
         <name>.debug_info</name>
         <load_address>0x10865</load_address>
         <run_address>0x10865</run_address>
         <size>0x19f</size>
         <input_file_ref idref="fl-de"/>
      </object_component>
      <object_component id="oc-34d">
         <name>.debug_info</name>
         <load_address>0x10a04</load_address>
         <run_address>0x10a04</run_address>
         <size>0x203</size>
         <input_file_ref idref="fl-de"/>
      </object_component>
      <object_component id="oc-3d7">
         <name>.debug_info</name>
         <load_address>0x10c07</load_address>
         <run_address>0x10c07</run_address>
         <size>0x1db</size>
         <input_file_ref idref="fl-de"/>
      </object_component>
      <object_component id="oc-38f">
         <name>.debug_info</name>
         <load_address>0x10de2</load_address>
         <run_address>0x10de2</run_address>
         <size>0x299</size>
         <input_file_ref idref="fl-de"/>
      </object_component>
      <object_component id="oc-ec">
         <name>.debug_info</name>
         <load_address>0x1107b</load_address>
         <run_address>0x1107b</run_address>
         <size>0xb2</size>
         <input_file_ref idref="fl-de"/>
      </object_component>
      <object_component id="oc-e7">
         <name>.debug_info</name>
         <load_address>0x1112d</load_address>
         <run_address>0x1112d</run_address>
         <size>0x2c</size>
         <input_file_ref idref="fl-de"/>
      </object_component>
      <object_component id="oc-305">
         <name>.debug_info</name>
         <load_address>0x11159</load_address>
         <run_address>0x11159</run_address>
         <size>0x29a</size>
         <input_file_ref idref="fl-df"/>
      </object_component>
      <object_component id="oc-28b">
         <name>.debug_info</name>
         <load_address>0x113f3</load_address>
         <run_address>0x113f3</run_address>
         <size>0x262</size>
         <input_file_ref idref="fl-df"/>
      </object_component>
      <object_component id="oc-237">
         <name>.debug_info</name>
         <load_address>0x11655</load_address>
         <run_address>0x11655</run_address>
         <size>0x28f</size>
         <input_file_ref idref="fl-e0"/>
      </object_component>
      <object_component id="oc-1ac">
         <name>.debug_info</name>
         <load_address>0x118e4</load_address>
         <run_address>0x118e4</run_address>
         <size>0x245</size>
         <input_file_ref idref="fl-e0"/>
      </object_component>
      <object_component id="oc-2d">
         <name>.debug_info</name>
         <load_address>0x11b29</load_address>
         <run_address>0x11b29</run_address>
         <size>0x10b</size>
         <input_file_ref idref="fl-e1"/>
      </object_component>
      <object_component id="oc-5a">
         <name>.debug_info</name>
         <load_address>0x11c34</load_address>
         <run_address>0x11c34</run_address>
         <size>0x1a9</size>
         <input_file_ref idref="fl-e1"/>
      </object_component>
      <object_component id="oc-32e">
         <name>.debug_info</name>
         <load_address>0x11ddd</load_address>
         <run_address>0x11ddd</run_address>
         <size>0x397</size>
         <input_file_ref idref="fl-e2"/>
      </object_component>
      <object_component id="oc-2c9">
         <name>.debug_info</name>
         <load_address>0x12174</load_address>
         <run_address>0x12174</run_address>
         <size>0x18f</size>
         <input_file_ref idref="fl-e2"/>
      </object_component>
      <object_component id="oc-373">
         <name>.debug_info</name>
         <load_address>0x12303</load_address>
         <run_address>0x12303</run_address>
         <size>0x120</size>
         <input_file_ref idref="fl-e2"/>
      </object_component>
      <object_component id="oc-378">
         <name>.debug_info</name>
         <load_address>0x12423</load_address>
         <run_address>0x12423</run_address>
         <size>0x2c</size>
         <input_file_ref idref="fl-e2"/>
      </object_component>
      <object_component id="oc-370">
         <name>.debug_info</name>
         <load_address>0x1244f</load_address>
         <run_address>0x1244f</run_address>
         <size>0x337</size>
         <input_file_ref idref="fl-e3"/>
      </object_component>
      <object_component id="oc-36c">
         <name>.debug_info</name>
         <load_address>0x12786</load_address>
         <run_address>0x12786</run_address>
         <size>0x109</size>
         <input_file_ref idref="fl-e3"/>
      </object_component>
      <object_component id="oc-32b">
         <name>.debug_info</name>
         <load_address>0x1288f</load_address>
         <run_address>0x1288f</run_address>
         <size>0x109</size>
         <input_file_ref idref="fl-e3"/>
      </object_component>
      <object_component id="oc-29e">
         <name>.debug_info</name>
         <load_address>0x12998</load_address>
         <run_address>0x12998</run_address>
         <size>0x289</size>
         <input_file_ref idref="fl-e4"/>
      </object_component>
      <object_component id="oc-29b">
         <name>.debug_info</name>
         <load_address>0x12c21</load_address>
         <run_address>0x12c21</run_address>
         <size>0x10e</size>
         <input_file_ref idref="fl-e4"/>
      </object_component>
      <object_component id="oc-1ea">
         <name>.debug_info</name>
         <load_address>0x12d2f</load_address>
         <run_address>0x12d2f</run_address>
         <size>0x14e</size>
         <input_file_ref idref="fl-e4"/>
      </object_component>
      <object_component id="oc-299">
         <name>.debug_info</name>
         <load_address>0x12e7d</load_address>
         <run_address>0x12e7d</run_address>
         <size>0x28f</size>
         <input_file_ref idref="fl-e5"/>
      </object_component>
      <object_component id="oc-1e3">
         <name>.debug_info</name>
         <load_address>0x1310c</load_address>
         <run_address>0x1310c</run_address>
         <size>0x15a</size>
         <input_file_ref idref="fl-e5"/>
      </object_component>
      <object_component id="oc-308">
         <name>.debug_info</name>
         <load_address>0x13266</load_address>
         <run_address>0x13266</run_address>
         <size>0x46</size>
         <input_file_ref idref="fl-e5"/>
      </object_component>
      <object_component id="oc-294">
         <name>.debug_info</name>
         <load_address>0x132ac</load_address>
         <run_address>0x132ac</run_address>
         <size>0x39</size>
         <input_file_ref idref="fl-e5"/>
      </object_component>
      <object_component id="oc-2f6">
         <name>.debug_info</name>
         <load_address>0x132e5</load_address>
         <run_address>0x132e5</run_address>
         <size>0x295</size>
         <input_file_ref idref="fl-e6"/>
      </object_component>
      <object_component id="oc-280">
         <name>.debug_info</name>
         <load_address>0x1357a</load_address>
         <run_address>0x1357a</run_address>
         <size>0x195</size>
         <input_file_ref idref="fl-e6"/>
      </object_component>
      <object_component id="oc-33a">
         <name>.debug_info</name>
         <load_address>0x1370f</load_address>
         <run_address>0x1370f</run_address>
         <size>0x39</size>
         <input_file_ref idref="fl-e6"/>
      </object_component>
      <object_component id="oc-2f7">
         <name>.debug_info</name>
         <load_address>0x13748</load_address>
         <run_address>0x13748</run_address>
         <size>0x2c</size>
         <input_file_ref idref="fl-e6"/>
      </object_component>
      <object_component id="oc-303">
         <name>.debug_info</name>
         <load_address>0x13774</load_address>
         <run_address>0x13774</run_address>
         <size>0x2f8</size>
         <input_file_ref idref="fl-e7"/>
      </object_component>
      <object_component id="oc-286">
         <name>.debug_info</name>
         <load_address>0x13a6c</load_address>
         <run_address>0x13a6c</run_address>
         <size>0x225</size>
         <input_file_ref idref="fl-e7"/>
[...]
         <value>0x2723</value>
         <object_component_ref idref="oc-c3"/>
      </symbol>
      <symbol id="sm-3c1">
         <name>__aeabi_f2d</name>
         <value>0x3009</value>
         <object_component_ref idref="oc-b9"/>
      </symbol>
      <symbol id="sm-3cb">
         <name>__aeabi_i2d</name>
         <value>0x3145</value>
         <object_component_ref idref="oc-259"/>
      </symbol>
      <symbol id="sm-3e6">
         <name>memcpy</name>
         <value>0x220b</value>
         <object_component_ref idref="oc-3a"/>
      </symbol>
      <symbol id="sm-3e7">
         <name>__aeabi_memcpy</name>
         <value>0x220b</value>
         <object_component_ref idref="oc-3a"/>
      </symbol>
      <symbol id="sm-3e8">
         <name>__aeabi_memcpy8</name>
         <value>0x220b</value>
         <object_component_ref idref="oc-3a"/>
      </symbol>
      <symbol id="sm-3e9">
         <name>__aeabi_memcpy4</name>
         <value>0x220b</value>
         <object_component_ref idref="oc-3a"/>
      </symbol>
      <symbol id="sm-3f8">
         <name>__aeabi_memset</name>
         <value>0x2557</value>
         <object_component_ref idref="oc-94"/>
      </symbol>
      <symbol id="sm-3f9">
         <name>memset</name>
         <value>0x255d</value>
         <object_component_ref idref="oc-94"/>
      </symbol>
      <symbol id="sm-3fa">
         <name>__aeabi_memset8</name>
         <value>0x2557</value>
         <object_component_ref idref="oc-94"/>
      </symbol>
      <symbol id="sm-3fb">
         <name>__aeabi_memset4</name>
         <value>0x2557</value>
         <object_component_ref idref="oc-94"/>
      </symbol>
      <symbol id="sm-3fc">
         <name>__aeabi_memclr8</name>
         <value>0x2555</value>
         <object_component_ref idref="oc-94"/>
      </symbol>
      <symbol id="sm-3fd">
         <name>__aeabi_memclr4</name>
         <value>0x2555</value>
         <object_component_ref idref="oc-94"/>
      </symbol>
      <symbol id="sm-3fe">
         <name>__aeabi_memclr</name>
         <value>0x2555</value>
         <object_component_ref idref="oc-94"/>
      </symbol>
      <symbol id="sm-40b">
         <name>__aeabi_uldivmod</name>
         <value>0x22a7</value>
         <object_component_ref idref="oc-23d"/>
      </symbol>
      <symbol id="sm-41f">
         <name>__TI_zero_init_nomemset</name>
         <value>0x3239</value>
         <object_component_ref idref="oc-46"/>
      </symbol>
      <symbol id="sm-436">
         <name>__TI_decompress_none</name>
         <value>0x330f</value>
         <object_component_ref idref="oc-1d"/>
      </symbol>
      <symbol id="sm-459">
         <name>__TI_decompress_lzss</name>
         <value>0x2865</value>
         <object_component_ref idref="oc-17"/>
      </symbol>
      <symbol id="sm-47f">
         <name>C$$EXIT</name>
         <value>0x3349</value>
         <object_component_ref idref="oc-10e"/>
      </symbol>
      <symbol id="sm-480">
         <name>abort</name>
         <value>0x3349</value>
         <object_component_ref idref="oc-10e"/>
      </symbol>
      <symbol id="sm-481">
         <name>__TI_dtors_ptr</name>
         <value>0x200005cc</value>
         <object_component_ref idref="oc-18d"/>
      </symbol>
      <symbol id="sm-482">
         <name>__TI_cleanup_ptr</name>
         <value>0x200005c8</value>
         <object_component_ref idref="oc-18d"/>
      </symbol>
      <symbol id="sm-483">
         <name>__TI_enable_exit_profile_output</name>
         <value>0x200005d0</value>
         <object_component_ref idref="oc-18d"/>
      </symbol>
      <symbol id="sm-484">
         <name>exit</name>
         <value>0x2dad</value>
         <object_component_ref idref="oc-114"/>
      </symbol>
      <symbol id="sm-499">
         <name>_nop</name>
         <value>0xb37</value>
         <object_component_ref idref="oc-1f8"/>
      </symbol>
      <symbol id="sm-49a">
         <name>_lock</name>
         <value>0x200005d4</value>
         <object_component_ref idref="oc-159"/>
      </symbol>
      <symbol id="sm-49b">
         <name>_unlock</name>
         <value>0x200005d8</value>
         <object_component_ref idref="oc-159"/>
      </symbol>
      <symbol id="sm-4aa">
         <name>__TI_ltoa</name>
         <value>0x2c23</value>
         <object_component_ref idref="oc-253"/>
      </symbol>
      <symbol id="sm-4c0">
         <name>atoi</name>
         <value>0x2d15</value>
         <object_component_ref idref="oc-1b1"/>
      </symbol>
      <symbol id="sm-4cb">
         <name>_ctypes_</name>
         <value>0x334c</value>
         <object_component_ref idref="oc-238"/>
      </symbol>
      <symbol id="sm-4e0">
         <name>__TI_tmpnams</name>
         <value>0x2000070c</value>
      </symbol>
      <symbol id="sm-4e1">
         <name>__aeabi_stdout</name>
         <value>0x200005c0</value>
         <object_component_ref idref="oc-39b"/>
      </symbol>
      <symbol id="sm-4e2">
         <name>__aeabi_stderr</name>
         <value>0x200005c4</value>
         <object_component_ref idref="oc-39b"/>
      </symbol>
      <symbol id="sm-4e3">
         <name>__aeabi_stdin</name>
         <value>0x200005bc</value>
         <object_component_ref idref="oc-39b"/>
      </symbol>
      <symbol id="sm-4e4">
         <name>_ftable</name>
         <value>0x20000400</value>
         <object_component_ref idref="oc-15c"/>
      </symbol>
      <symbol id="sm-4e5">
         <name>__TI_ft_end</name>
         <value>0x200005b8</value>
         <object_component_ref idref="oc-39b"/>
      </symbol>
      <symbol id="sm-4f5">
         <name>memccpy</name>
         <value>0x3271</value>
         <object_component_ref idref="oc-1da"/>
      </symbol>
      <symbol id="sm-505">
         <name>memchr</name>
         <value>0x3219</value>
         <object_component_ref idref="oc-2bb"/>
      </symbol>
      <symbol id="sm-58e">
         <name>_sys_memory</name>
         <value>0x20000000</value>
         <object_component_ref idref="oc-29"/>
      </symbol>
      <symbol id="sm-58f">
         <name>free</name>
         <value>0x1f99</value>
         <object_component_ref idref="oc-34c"/>
      </symbol>
      <symbol id="sm-590">
         <name>memalign</name>
         <value>0x1ca5</value>
         <object_component_ref idref="oc-38e"/>
      </symbol>
      <symbol id="sm-591">
         <name>malloc</name>
         <value>0x3335</value>
         <object_component_ref idref="oc-352"/>
      </symbol>
      <symbol id="sm-592">
         <name>aligned_alloc</name>
         <value>0x1ca5</value>
         <object_component_ref idref="oc-38e"/>
      </symbol>
      <symbol id="sm-5a2">
         <name>strchr</name>
         <value>0x32bf</value>
         <object_component_ref idref="oc-28a"/>
      </symbol>
      <symbol id="sm-5b0">
         <name>strlen</name>
         <value>0x32e9</value>
         <object_component_ref idref="oc-1ab"/>
      </symbol>
      <symbol id="sm-5c3">
         <name>__stack</name>
         <value>0x2003fe00</value>
         <object_component_ref idref="oc-2c"/>
      </symbol>
      <symbol id="sm-5c4">
         <name>_c_int00_noargs</name>
         <value>0x30e1</value>
         <object_component_ref idref="oc-58"/>
      </symbol>
      <symbol id="sm-5de">
         <name>write</name>
         <value>0x31f1</value>
         <object_component_ref idref="oc-2c7"/>
      </symbol>
      <symbol id="sm-5ef">
         <name>_stream</name>
         <value>0x20000568</value>
         <object_component_ref idref="oc-32a"/>
      </symbol>
      <symbol id="sm-5f0">
         <name>_device</name>
         <value>0x200004f0</value>
         <object_component_ref idref="oc-36b"/>
      </symbol>
      <symbol id="sm-606">
         <name>__aeabi_errno_addr</name>
         <value>0x332d</value>
         <object_component_ref idref="oc-1e6"/>
      </symbol>
      <symbol id="sm-607">
         <name>errno</name>
         <value>0x200005e4</value>
         <object_component_ref idref="oc-29a"/>
      </symbol>
      <symbol id="sm-620">
         <name>wcslen</name>
         <value>0x32fd</value>
         <object_component_ref idref="oc-1e0"/>
      </symbol>
      <symbol id="sm-640">
         <name>frexpl</name>
         <value>0x2935</value>
         <object_component_ref idref="oc-27e"/>
      </symbol>
      <symbol id="sm-641">
         <name>frexp</name>
         <value>0x2935</value>
         <object_component_ref idref="oc-27e"/>
      </symbol>
      <symbol id="sm-65e">
         <name>scalbn</name>
         <value>0x1b95</value>
         <object_component_ref idref="oc-284"/>
      </symbol>
      <symbol id="sm-65f">
         <name>scalbnl</name>
         <value>0x1b95</value>
         <object_component_ref idref="oc-284"/>
      </symbol>
      <symbol id="sm-660">
         <name>ldexpl</name>
         <value>0x1b95</value>
         <object_component_ref idref="oc-284"/>
      </symbol>
      <symbol id="sm-661">
         <name>ldexp</name>
         <value>0x1b95</value>
         <object_component_ref idref="oc-284"/>
      </symbol>
      <symbol id="sm-671">
         <name>__TI_doflush</name>
         <value>0x2cc9</value>
         <object_component_ref idref="oc-2c1"/>
      </symbol>
      <symbol id="sm-681">
         <name>__TI_cleanup</name>
         <value>0x3079</value>
         <object_component_ref idref="oc-358"/>
      </symbol>
      <symbol id="sm-693">
         <name>fseek</name>
         <value>0x2999</value>
         <object_component_ref idref="oc-318"/>
      </symbol>
      <symbol id="sm-69d">
         <name>__aeabi_idiv0</name>
         <value>0x16e7</value>
         <object_component_ref idref="oc-2e4"/>
      </symbol>
      <symbol id="sm-69e">
         <name>__aeabi_ldiv0</name>
         <value>0x16e7</value>
         <object_component_ref idref="oc-2e4"/>
      </symbol>
      <symbol id="sm-6c6">
         <name>__TI_auto_init_nobinit_nopinit</name>
         <value>0x2ec5</value>
         <object_component_ref idref="oc-11a"/>
      </symbol>
      <symbol id="sm-6d0">
         <name>_system_pre_init</name>
         <value>0x3345</value>
         <object_component_ref idref="oc-9a"/>
      </symbol>
      <symbol id="sm-6e3">
         <name>HOSTclose</name>
         <value>0x2e3d</value>
         <object_component_ref idref="oc-3a7"/>
      </symbol>
      <symbol id="sm-6f4">
         <name>HOSTlseek</name>
         <value>0x27fd</value>
         <object_component_ref idref="oc-3b9"/>
      </symbol>
      <symbol id="sm-706">
         <name>parmbuf</name>
         <value>0x200007b4</value>
      </symbol>
      <symbol id="sm-707">
         <name>HOSTopen</name>
         <value>0x2a61</value>
         <object_component_ref idref="oc-3a1"/>
      </symbol>
      <symbol id="sm-718">
         <name>HOSTread</name>
         <value>0x2b1d</value>
         <object_component_ref idref="oc-3ad"/>
      </symbol>
      <symbol id="sm-729">
         <name>HOSTrename</name>
         <value>0x2791</value>
         <object_component_ref idref="oc-3c5"/>
      </symbol>
      <symbol id="sm-73a">
         <name>HOSTunlink</name>
         <value>0x2e81</value>
         <object_component_ref idref="oc-3bf"/>
      </symbol>
      <symbol id="sm-74b">
         <name>HOSTwrite</name>
         <value>0x2b75</value>
         <object_component_ref idref="oc-3b3"/>
      </symbol>
      <symbol id="sm-76f">
         <name>__TI_readmsg</name>
         <value>0x30ad</value>
         <object_component_ref idref="oc-3f4"/>
      </symbol>
      <symbol id="sm-770">
         <name>C$$IO$$</name>
         <value>0x2fff</value>
         <object_component_ref idref="oc-3ee"/>
      </symbol>
      <symbol id="sm-771">
         <name>__CIOBUF_</name>
         <value>0x200005ec</value>
         <object_component_ref idref="oc-41f"/>
      </symbol>
      <symbol id="sm-772">
         <name>__TI_writemsg</name>
         <value>0x2fd1</value>
         <object_component_ref idref="oc-3ee"/>
      </symbol>
      <symbol id="sm-783">
         <name>lseek</name>
         <value>0x31c9</value>
         <object_component_ref idref="oc-344"/>
      </symbol>
      <symbol id="sm-78d">
         <name>copysign</name>
         <value>0x328d</value>
         <object_component_ref idref="oc-2fc"/>
      </symbol>
      <symbol id="sm-78e">
         <name>copysignl</name>
         <value>0x328d</value>
         <object_component_ref idref="oc-2fc"/>
      </symbol>
      <symbol id="sm-7a3">
         <name>__TI_closefile</name>
         <value>0x25d1</value>
         <object_component_ref idref="oc-395"/>
      </symbol>
      <symbol id="sm-7c6">
         <name>finddevice</name>
         <value>0x3115</value>
         <object_component_ref idref="oc-43d"/>
      </symbol>
      <symbol id="sm-7c7">
         <name>getdevice</name>
         <value>0x2f09</value>
         <object_component_ref idref="oc-415"/>
      </symbol>
      <symbol id="sm-7d6">
         <name>strcmp</name>
         <value>0x32a7</value>
         <object_component_ref idref="oc-454"/>
      </symbol>
      <symbol id="sm-7e4">
         <name>strcpy</name>
         <value>0x32d5</value>
         <object_component_ref idref="oc-408"/>
      </symbol>
      <symbol id="sm-7f4">
         <name>strncpy</name>
         <value>0x3041</value>
         <object_component_ref idref="oc-437"/>
      </symbol>
      <symbol id="sm-809">
         <name>close</name>
         <value>0x2ac1</value>
         <object_component_ref idref="oc-3dd"/>
      </symbol>
      <symbol id="sm-819">
         <name>unlink</name>
         <value>0x3175</value>
         <object_component_ref idref="oc-3e3"/>
      </symbol>
      <symbol id="sm-81a">
         <name>__TI_static_base__</name>
         <value>0x0</value>
      </symbol>
      <symbol id="sm-81d">
         <name>__mpu_init</name>
         <value>0x0</value>
      </symbol>
      <symbol id="sm-81e">
         <name>_system_post_cinit</name>
         <value>0x0</value>
      </symbol>
      <symbol id="sm-81f">
         <name>NMI_Handler</name>
         <value>0x3329</value>
      </symbol>
      <symbol id="sm-820">
         <name>HardFault_Handler</name>
         <value>0x3329</value>
      </symbol>
      <symbol id="sm-821">
         <name>MemManage_Handler</name>
         <value>0x3329</value>
      </symbol>
      <symbol id="sm-822">
         <name>BusFault_Handler</name>
         <value>0x3329</value>
      </symbol>
      <symbol id="sm-823">
         <name>UsageFault_Handler</name>
         <value>0x3329</value>
      </symbol>
      <symbol id="sm-824">
         <name>SVC_Handler</name>
         <value>0x3329</value>
      </symbol>
      <symbol id="sm-825">
         <name>DebugMon_Handler</name>
         <value>0x3329</value>
      </symbol>
      <symbol id="sm-826">
         <name>PendSV_Handler</name>
         <value>0x3329</value>
      </symbol>
      <symbol id="sm-827">
         <name>SysTick_Handler</name>
         <value>0x3329</value>
      </symbol>
      <symbol id="sm-828">
         <name>PSS_IRQHandler</name>
         <value>0x3329</value>
      </symbol>
      <symbol id="sm-829">
         <name>CS_IRQHandler</name>
         <value>0x3329</value>
      </symbol>
      <symbol id="sm-82a">
         <name>PCM_IRQHandler</name>
         <value>0x3329</value>
      </symbol>
      <symbol id="sm-82b">
         <name>WDT_A_IRQHandler</name>
         <value>0x3329</value>
      </symbol>
      <symbol id="sm-82c">
         <name>FPU_IRQHandler</name>
         <value>0x3329</value>
      </symbol>
      <symbol id="sm-82d">
         <name>FLCTL_A_IRQHandler</name>
         <value>0x3329</value>
      </symbol>
      <symbol id="sm-82e">
         <name>COMP_E0_IRQHandler</name>
         <value>0x3329</value>
      </symbol>
      <symbol id="sm-82f">
         <name>COMP_E1_IRQHandler</name>
         <value>0x3329</value>
      </symbol>
      <symbol id="sm-830">
         <name>TA0_0_IRQHandler</name>
         <value>0x3329</value>
      </symbol>
      <symbol id="sm-831">
         <name>TA0_N_IRQHandler</name>
         <value>0x113d</value>
      </symbol>
      <symbol id="sm-832">
         <name>TA1_0_IRQHandler</name>
         <value>0x3329</value>
      </symbol>
      <symbol id="sm-833">
         <name>TA1_N_IRQHandler</name>
         <value>0x3329</value>
      </symbol>
      <symbol id="sm-834">
         <name>TA2_0_IRQHandler</name>
         <value>0x3329</value>
      </symbol>
      <symbol id="sm-835">
         <name>TA2_N_IRQHandler</name>
         <value>0x12a1</value>
      </symbol>
      <symbol id="sm-836">
         <name>TA3_0_IRQHandler</name>
         <value>0x3329</value>
      </symbol>
      <symbol id="sm-837">
         <name>TA3_N_IRQHandler</name>
         <value>0x3329</value>
      </symbol>
      <symbol id="sm-838">
         <name>EUSCIA0_IRQHandler</name>
         <value>0x3329</value>
      </symbol>
      <symbol id="sm-839">
         <name>EUSCIA1_IRQHandler</name>
         <value>0x3329</value>
      </symbol>
      <symbol id="sm-83a">
         <name>EUSCIA2_IRQHandler</name>
         <value>0x3329</value>
      </symbol>
      <symbol id="sm-83b">
         <name>EUSCIA3_IRQHandler</name>
         <value>0x3329</value>
      </symbol>
      <symbol id="sm-83c">
         <name>EUSCIB0_IRQHandler</name>
         <value>0x3329</value>
      </symbol>
      <symbol id="sm-83d">
         <name>EUSCIB1_IRQHandler</name>
         <value>0x3329</value>
      </symbol>
      <symbol id="sm-83e">
         <name>EUSCIB2_IRQHandler</name>
         <value>0x3329</value>
      </symbol>
      <symbol id="sm-83f">
         <name>EUSCIB3_IRQHandler</name>
         <value>0x3329</value>
      </symbol>
      <symbol id="sm-840">
         <name>ADC14_IRQHandler</name>
         <value>0x3329</value>
      </symbol>
      <symbol id="sm-841">
         <name>T32_INT1_IRQHandler</name>
         <value>0x3329</value>
      </symbol>
      <symbol id="sm-842">
         <name>T32_INT2_IRQHandler</name>
         <value>0x3329</value>
      </symbol>
      <symbol id="sm-843">
         <name>T32_INTC_IRQHandler</name>
         <value>0x3329</value>
      </symbol>
      <symbol id="sm-844">
         <name>AES256_IRQHandler</name>
         <value>0x3329</value>
      </symbol>
      <symbol id="sm-845">
         <name>RTC_C_IRQHandler</name>
         <value>0x3329</value>
      </symbol>
      <symbol id="sm-846">
         <name>DMA_ERR_IRQHandler</name>
         <value>0x3329</value>
      </symbol>
      <symbol id="sm-847">
         <name>DMA_INT3_IRQHandler</name>
         <value>0x3329</value>
      </symbol>
      <symbol id="sm-848">
         <name>DMA_INT2_IRQHandler</name>
         <value>0x3329</value>
      </symbol>
      <symbol id="sm-849">
         <name>DMA_INT1_IRQHandler</name>
         <value>0x3329</value>
      </symbol>
      <symbol id="sm-84a">
         <name>DMA_INT0_IRQHandler</name>
         <value>0x3329</value>
      </symbol>
      <symbol id="sm-84b">
         <name>PORT1_IRQHandler</name>
         <value>0x3329</value>
      </symbol>
      <symbol id="sm-84c">
         <name>PORT2_IRQHandler</name>
         <value>0x3329</value>
      </symbol>
      <symbol id="sm-84d">
         <name>PORT3_IRQHandler</name>
         <value>0x3329</value>
      </symbol>
      <symbol id="sm-84e">
         <name>PORT4_IRQHandler</name>
         <value>0x3329</value>
      </symbol>
      <symbol id="sm-84f">
         <name>PORT5_IRQHandler</name>
         <value>0x3329</value>
      </symbol>
      <symbol id="sm-850">
         <name>PORT6_IRQHandler</name>
         <value>0x3329</value>
      </symbol>
      <symbol id="sm-851">
         <name>LCD_F_IRQHandler</name>
         <value>0x3329</value>
      </symbol>
      <symbol id="sm-852">
         <name>remove</name>
         <value>0x3175</value>
      </symbol>
   </symbol_table>
   <title>Link successful</title>
</link_info>
