******************************************************************************
                  TI ARM Linker PC v20.2.7                     
******************************************************************************
>> Linked Mon Dec 12 19:56:27 2022

OUTPUT FILE NAME:   <FinalProject.out>
ENTRY POINT SYMBOL: "_c_int00_noargs"  address: 000007cd


MEMORY CONFIGURATION

         name            origin    length      used     unused   attr    fill
----------------------  --------  ---------  --------  --------  ----  --------
  MAIN                  00000000   00200000  0000083c  001ff7c4  R  X
  INFO                  00200000   00008000  00000000  00008000  R  X
  SRAM_CODE             01000000   00040000  00000204  0003fdfc  RW X
  SRAM_DATA             20000000   00040000  00000204  0003fdfc  RW  


SEGMENT ALLOCATION MAP

run origin  load origin   length   init length attrs members
----------  ----------- ---------- ----------- ----- -------
00000000    00000000    00000840   00000840    r-x
  00000000    00000000    000000e8   000000e8    r-- .intvecs
  000000e8    000000e8    0000073c   0000073c    r-x .text
  00000828    00000828    00000018   00000018    r-- .cinit
20000000    20000000    00000004   00000000    rw-
  20000000    20000000    00000004   00000000    rw- .data
2003fe00    2003fe00    00000200   00000000    rw-
  2003fe00    2003fe00    00000200   00000000    rw- .stack


SECTION ALLOCATION MAP

 output                                  attributes/
section   page    origin      length       input sections
--------  ----  ----------  ----------   ----------------
.intvecs   0    00000000    000000e8     
                  00000000    000000e8     startup_msp432p4111_ccs.obj (.intvecs:retain)

.text      0    000000e8    0000073c     
                  000000e8    00000350     system_msp432p4111.obj (.text)
                  00000438    00000120     main.obj (.text)
                  00000558    000000b8     gpio.obj (.text)
                  00000610    0000009c     rtsv7M4_T_le_v4SPD16_eabi.lib : memcpy_t2.asm.obj (.text)
                  000006ac    00000074     pwm.obj (.text)
                  00000720    00000068     rtsv7M4_T_le_v4SPD16_eabi.lib : copy_decompress_lzss.c.obj (.text:decompress:lzss:__TI_decompress_lzss)
                  00000788    00000044                                   : autoinit.c.obj (.text:__TI_auto_init_nobinit_nopinit:__TI_auto_init_nobinit_nopinit)
                  000007cc    00000034                                   : boot_cortex_m.c.obj (.text:_c_int00_noargs:_c_int00_noargs)
                  00000800    0000000e                                   : copy_decompress_none.c.obj (.text:decompress:none:__TI_decompress_none)
                  0000080e    0000000e     startup_msp432p4111_ccs.obj (.text)
                  0000081c    00000004     rtsv7M4_T_le_v4SPD16_eabi.lib : pre_init.c.obj (.text:_system_pre_init)
                  00000820    00000004                                   : exit.c.obj (.text:abort:abort)

.cinit     0    00000828    00000018     
                  00000828    00000008     (.cinit..data.load) [load image, compression = lzss]
                  00000830    00000008     (__TI_handler_table)
                  00000838    00000008     (__TI_cinit_table)

.init_array 
*          0    00000000    00000000     UNINITIALIZED

.binit     0    00000000    00000000     

.data      0    20000000    00000004     UNINITIALIZED
                  20000000    00000004     system_msp432p4111.obj (.data)

.stack     0    2003fe00    00000200     UNINITIALIZED
                  2003fe00    00000004     rtsv7M4_T_le_v4SPD16_eabi.lib : boot_cortex_m.c.obj (.stack)
                  2003fe04    000001fc     --HOLE--

__llvm_prf_cnts 
*          0    20000000    00000000     UNINITIALIZED

MODULE SUMMARY

       Module                        code   ro data   rw data
       ------                        ----   -------   -------
    .\
       system_msp432p4111.obj        848    0         8      
       main.obj                      288    0         0      
       startup_msp432p4111_ccs.obj   14     232       0      
       gpio.obj                      184    0         0      
       pwm.obj                       116    0         0      
    +--+-----------------------------+------+---------+---------+
       Total:                        1450   232       8      
                                                             
    C:\ti\ccs1200\ccs\tools\compiler\ti-cgt-arm_20.2.7.LTS\lib\rtsv7M4_T_le_v4SPD16_eabi.lib
       memcpy_t2.asm.obj             156    0         0      
       copy_decompress_lzss.c.obj    104    0         0      
       autoinit.c.obj                68     0         0      
       boot_cortex_m.c.obj           52     0         0      
       copy_decompress_none.c.obj    14     0         0      
       exit.c.obj                    4      0         0      
       pre_init.c.obj                4      0         0      
    +--+-----------------------------+------+---------+---------+
       Total:                        402    0         0      
                                                             
       Stack:                        0      0         1024   
       Linker Generated:             0      24        0      
    +--+-----------------------------+------+---------+---------+
       Grand Total:                  1852   256       1032   


LINKER GENERATED COPY TABLES

__TI_cinit_table @ 00000838 records: 1, size/record: 8, table size: 8
	.data: load addr=00000828, load size=00000008 bytes, run addr=20000000, run size=00000004 bytes, compression=lzss


LINKER GENERATED HANDLER TABLE

__TI_handler_table @ 00000830 records: 2, size/record: 4, table size: 8
	index: 0, handler: __TI_decompress_lzss
	index: 1, handler: __TI_decompress_none


GLOBAL SYMBOLS: SORTED ALPHABETICALLY BY Name 

address   name                          
-------   ----                          
0000081b  ADC14_IRQHandler              
0000081b  AES256_IRQHandler             
0000081b  BusFault_Handler              
00000821  C$$EXIT                       
0000081b  COMP_E0_IRQHandler            
0000081b  COMP_E1_IRQHandler            
0000081b  CS_IRQHandler                 
0000081b  DMA_ERR_IRQHandler            
0000081b  DMA_INT0_IRQHandler           
0000081b  DMA_INT1_IRQHandler           
0000081b  DMA_INT2_IRQHandler           
0000081b  DMA_INT3_IRQHandler           
0000081b  DebugMon_Handler              
0000081b  Default_Handler               
0000081b  EUSCIA0_IRQHandler            
0000081b  EUSCIA1_IRQHandler            
0000081b  EUSCIA2_IRQHandler            
0000081b  EUSCIA3_IRQHandler            
0000081b  EUSCIB0_IRQHandler            
0000081b  EUSCIB1_IRQHandler            
0000081b  EUSCIB2_IRQHandler            
0000081b  EUSCIB3_IRQHandler            
0000081b  FLCTL_A_IRQHandler            
0000081b  FPU_IRQHandler                
0000081b  HardFault_Handler             
0000081b  LCD_F_IRQHandler              
0000081b  MemManage_Handler             
0000081b  NMI_Handler                   
0000081b  PCM_IRQHandler                
0000081b  PORT1_IRQHandler              
0000081b  PORT2_IRQHandler              
0000081b  PORT3_IRQHandler              
0000081b  PORT4_IRQHandler              
0000081b  PORT5_IRQHandler              
0000081b  PORT6_IRQHandler              
0000081b  PSS_IRQHandler                
0000081b  PendSV_Handler                
0000081b  RTC_C_IRQHandler              
0000080f  Reset_Handler                 
0000081b  SVC_Handler                   
0000081b  SysTick_Handler               
20000000  SystemCoreClock               
000000e9  SystemCoreClockUpdate         
00000361  SystemInit                    
0000081b  T32_INT1_IRQHandler           
0000081b  T32_INT2_IRQHandler           
0000081b  T32_INTC_IRQHandler           
0000081b  TA0_0_IRQHandler              
0000081b  TA0_N_IRQHandler              
0000081b  TA1_0_IRQHandler              
0000081b  TA1_N_IRQHandler              
0000081b  TA2_0_IRQHandler              
0000081b  TA2_N_IRQHandler              
0000081b  TA3_0_IRQHandler              
0000081b  TA3_N_IRQHandler              
0000081b  UsageFault_Handler            
4000480c  WDTCTL_SYM                    
0000081b  WDT_A_IRQHandler              
20040000  __STACK_END                   
00000200  __STACK_SIZE                  
00000838  __TI_CINIT_Base               
00000840  __TI_CINIT_Limit              
00000830  __TI_Handler_Table_Base       
00000838  __TI_Handler_Table_Limit      
00000789  __TI_auto_init_nobinit_nopinit
00000721  __TI_decompress_lzss          
00000801  __TI_decompress_none          
ffffffff  __TI_pprof_out_hndl           
ffffffff  __TI_prof_data_size           
ffffffff  __TI_prof_data_start          
00000000  __TI_static_base__            
00000611  __aeabi_memcpy                
00000611  __aeabi_memcpy4               
00000611  __aeabi_memcpy8               
ffffffff  __binit__                     
ffffffff  __c_args__                    
UNDEFED   __mpu_init                    
2003fe00  __stack                       
20000000  __start___llvm_prf_cnts       
20000000  __stop___llvm_prf_cnts        
000007cd  _c_int00_noargs               
UNDEFED   _system_post_cinit            
0000081d  _system_pre_init              
00000821  abort                         
ffffffff  binit                         
00000559  config_button_gpio            
000005bf  config_pwm_gpio               
00000705  config_pwm_ticks_a0           
000006c5  config_pwm_timer              
00000000  interruptVectors              
00000439  main                          
00000611  memcpy                        
000006ad  start_pwm                     
000006bb  stop_pwm                      


GLOBAL SYMBOLS: SORTED BY Symbol Address 

address   name                          
-------   ----                          
00000000  __TI_static_base__            
00000000  interruptVectors              
000000e9  SystemCoreClockUpdate         
00000200  __STACK_SIZE                  
00000361  SystemInit                    
00000439  main                          
00000559  config_button_gpio            
000005bf  config_pwm_gpio               
00000611  __aeabi_memcpy                
00000611  __aeabi_memcpy4               
00000611  __aeabi_memcpy8               
00000611  memcpy                        
000006ad  start_pwm                     
000006bb  stop_pwm                      
000006c5  config_pwm_timer              
00000705  config_pwm_ticks_a0           
00000721  __TI_decompress_lzss          
00000789  __TI_auto_init_nobinit_nopinit
000007cd  _c_int00_noargs               
00000801  __TI_decompress_none          
0000080f  Reset_Handler                 
0000081b  ADC14_IRQHandler              
0000081b  AES256_IRQHandler             
0000081b  BusFault_Handler              
0000081b  COMP_E0_IRQHandler            
0000081b  COMP_E1_IRQHandler            
0000081b  CS_IRQHandler                 
0000081b  DMA_ERR_IRQHandler            
0000081b  DMA_INT0_IRQHandler           
0000081b  DMA_INT1_IRQHandler           
0000081b  DMA_INT2_IRQHandler           
0000081b  DMA_INT3_IRQHandler           
0000081b  DebugMon_Handler              
0000081b  Default_Handler               
0000081b  EUSCIA0_IRQHandler            
0000081b  EUSCIA1_IRQHandler            
0000081b  EUSCIA2_IRQHandler            
0000081b  EUSCIA3_IRQHandler            
0000081b  EUSCIB0_IRQHandler            
0000081b  EUSCIB1_IRQHandler            
0000081b  EUSCIB2_IRQHandler            
0000081b  EUSCIB3_IRQHandler            
0000081b  FLCTL_A_IRQHandler            
0000081b  FPU_IRQHandler                
0000081b  HardFault_Handler             
0000081b  LCD_F_IRQHandler              
0000081b  MemManage_Handler             
0000081b  NMI_Handler                   
0000081b  PCM_IRQHandler                
0000081b  PORT1_IRQHandler              
0000081b  PORT2_IRQHandler              
0000081b  PORT3_IRQHandler              
0000081b  PORT4_IRQHandler              
0000081b  PORT5_IRQHandler              
0000081b  PORT6_IRQHandler              
0000081b  PSS_IRQHandler                
0000081b  PendSV_Handler                
0000081b  RTC_C_IRQHandler              
0000081b  SVC_Handler                   
0000081b  SysTick_Handler               
0000081b  T32_INT1_IRQHandler           
0000081b  T32_INT2_IRQHandler           
0000081b  T32_INTC_IRQHandler           
0000081b  TA0_0_IRQHandler              
0000081b  TA0_N_IRQHandler              
0000081b  TA1_0_IRQHandler              
0000081b  TA1_N_IRQHandler              
0000081b  TA2_0_IRQHandler              
0000081b  TA2_N_IRQHandler              
0000081b  TA3_0_IRQHandler              
0000081b  TA3_N_IRQHandler              
0000081b  UsageFault_Handler            
0000081b  WDT_A_IRQHandler              
0000081d  _system_pre_init              
00000821  C$$EXIT                       
00000821  abort                         
00000830  __TI_Handler_Table_Base       
00000838  __TI_CINIT_Base               
00000838  __TI_Handler_Table_Limit      
00000840  __TI_CINIT_Limit              
20000000  SystemCoreClock               
20000000  __start___llvm_prf_cnts       
20000000  __stop___llvm_prf_cnts        
2003fe00  __stack                       
20040000  __STACK_END                   
4000480c  WDTCTL_SYM                    
ffffffff  __TI_pprof_out_hndl           
ffffffff  __TI_prof_data_size           
ffffffff  __TI_prof_data_start          
ffffffff  __binit__                     
ffffffff  __c_args__                    
ffffffff  binit                         
UNDEFED   __mpu_init                    
UNDEFED   _system_post_cinit            

[94 symbols]
