******************************************************************************
                  TI ARM Linker PC v20.2.7                     
******************************************************************************
>> Linked Wed Nov 30 12:35:34 2022

OUTPUT FILE NAME:   <FinalProject.out>
ENTRY POINT SYMBOL: "_c_int00_noargs"  address: 000008a9


MEMORY CONFIGURATION

         name            origin    length      used     unused   attr    fill
----------------------  --------  ---------  --------  --------  ----  --------
  MAIN                  00000000   00200000  00000918  001ff6e8  R  X
  INFO                  00200000   00008000  00000000  00008000  R  X
  SRAM_CODE             01000000   00040000  00000204  0003fdfc  RW X
  SRAM_DATA             20000000   00040000  00000204  0003fdfc  RW  


SEGMENT ALLOCATION MAP

run origin  load origin   length   init length attrs members
----------  ----------- ---------- ----------- ----- -------
00000000    00000000    00000918   00000918    r-x
  00000000    00000000    000000e8   000000e8    r-- .intvecs
  000000e8    000000e8    00000818   00000818    r-x .text
  00000900    00000900    00000018   00000018    r-- .cinit
20000000    20000000    00000004   00000000    rw-
  20000000    20000000    00000004   00000000    rw- .data
2003fe00    2003fe00    00000200   00000000    rw-
  2003fe00    2003fe00    00000200   00000000    rw- .stack


SECTION ALLOCATION MAP

 output                                  attributes/
section   page    origin      length       input sections
--------  ----  ----------  ----------   ----------------
.intvecs   0    00000000    000000e8     
                  00000000    000000e8     startup_msp432p4111_ccs.obj (.intvecs:retain)

.text      0    000000e8    00000818     
                  000000e8    00000350     system_msp432p4111.obj (.text)
                  00000438    000001fc     main.obj (.text)
                  00000634    000000b8     gpio.obj (.text)
                  000006ec    0000009c     rtsv7M4_T_le_v4SPD16_eabi.lib : memcpy_t2.asm.obj (.text)
                  00000788    00000074     pwm.obj (.text)
                  000007fc    00000068     rtsv7M4_T_le_v4SPD16_eabi.lib : copy_decompress_lzss.c.obj (.text:decompress:lzss:__TI_decompress_lzss)
                  00000864    00000044                                   : autoinit.c.obj (.text:__TI_auto_init_nobinit_nopinit:__TI_auto_init_nobinit_nopinit)
                  000008a8    00000034                                   : boot_cortex_m.c.obj (.text:_c_int00_noargs:_c_int00_noargs)
                  000008dc    0000000e                                   : copy_decompress_none.c.obj (.text:decompress:none:__TI_decompress_none)
                  000008ea    0000000e     startup_msp432p4111_ccs.obj (.text)
                  000008f8    00000004     rtsv7M4_T_le_v4SPD16_eabi.lib : pre_init.c.obj (.text:_system_pre_init)
                  000008fc    00000004                                   : exit.c.obj (.text:abort:abort)

.cinit     0    00000900    00000018     
                  00000900    00000008     (.cinit..data.load) [load image, compression = lzss]
                  00000908    00000008     (__TI_handler_table)
                  00000910    00000008     (__TI_cinit_table)

.init_array 
*          0    00000000    00000000     UNINITIALIZED

.binit     0    00000000    00000000     

.data      0    20000000    00000004     UNINITIALIZED
                  20000000    00000004     system_msp432p4111.obj (.data)

.stack     0    2003fe00    00000200     UNINITIALIZED
                  2003fe00    00000004     rtsv7M4_T_le_v4SPD16_eabi.lib : boot_cortex_m.c.obj (.stack)
                  2003fe04    000001fc     --HOLE--

__llvm_prf_cnts 
*          0    20000000    00000000     UNINITIALIZED

MODULE SUMMARY

       Module                        code   ro data   rw data
       ------                        ----   -------   -------
    .\
       system_msp432p4111.obj        848    0         8      
       main.obj                      508    0         0      
       startup_msp432p4111_ccs.obj   14     232       0      
       gpio.obj                      184    0         0      
       pwm.obj                       116    0         0      
    +--+-----------------------------+------+---------+---------+
       Total:                        1670   232       8      
                                                             
    C:\ti\ccs1200\ccs\tools\compiler\ti-cgt-arm_20.2.7.LTS\lib\rtsv7M4_T_le_v4SPD16_eabi.lib
       memcpy_t2.asm.obj             156    0         0      
       copy_decompress_lzss.c.obj    104    0         0      
       autoinit.c.obj                68     0         0      
       boot_cortex_m.c.obj           52     0         0      
       copy_decompress_none.c.obj    14     0         0      
       exit.c.obj                    4      0         0      
       pre_init.c.obj                4      0         0      
    +--+-----------------------------+------+---------+---------+
       Total:                        402    0         0      
                                                             
       Stack:                        0      0         1024   
       Linker Generated:             0      24        0      
    +--+-----------------------------+------+---------+---------+
       Grand Total:                  2072   256       1032   


LINKER GENERATED COPY TABLES

__TI_cinit_table @ 00000910 records: 1, size/record: 8, table size: 8
	.data: load addr=00000900, load size=00000008 bytes, run addr=20000000, run size=00000004 bytes, compression=lzss


LINKER GENERATED HANDLER TABLE

__TI_handler_table @ 00000908 records: 2, size/record: 4, table size: 8
	index: 0, handler: __TI_decompress_lzss
	index: 1, handler: __TI_decompress_none


GLOBAL SYMBOLS: SORTED ALPHABETICALLY BY Name 

address   name                          
-------   ----                          
000008f7  ADC14_IRQHandler              
000008f7  AES256_IRQHandler             
000008f7  BusFault_Handler              
000008fd  C$$EXIT                       
000008f7  COMP_E0_IRQHandler            
000008f7  COMP_E1_IRQHandler            
000008f7  CS_IRQHandler                 
000008f7  DMA_ERR_IRQHandler            
000008f7  DMA_INT0_IRQHandler           
000008f7  DMA_INT1_IRQHandler           
000008f7  DMA_INT2_IRQHandler           
000008f7  DMA_INT3_IRQHandler           
000008f7  DebugMon_Handler              
000008f7  Default_Handler               
000008f7  EUSCIA0_IRQHandler            
000008f7  EUSCIA1_IRQHandler            
000008f7  EUSCIA2_IRQHandler            
000008f7  EUSCIA3_IRQHandler            
000008f7  EUSCIB0_IRQHandler            
000008f7  EUSCIB1_IRQHandler            
000008f7  EUSCIB2_IRQHandler            
000008f7  EUSCIB3_IRQHandler            
000008f7  FLCTL_A_IRQHandler            
000008f7  FPU_IRQHandler                
000008f7  HardFault_Handler             
000008f7  LCD_F_IRQHandler              
000008f7  MemManage_Handler             
000008f7  NMI_Handler                   
000008f7  PCM_IRQHandler                
000008f7  PORT1_IRQHandler              
000008f7  PORT2_IRQHandler              
000008f7  PORT3_IRQHandler              
000008f7  PORT4_IRQHandler              
000008f7  PORT5_IRQHandler              
000008f7  PORT6_IRQHandler              
000008f7  PSS_IRQHandler                
000008f7  PendSV_Handler                
000008f7  RTC_C_IRQHandler              
000008eb  Reset_Handler                 
000008f7  SVC_Handler                   
000008f7  SysTick_Handler               
20000000  SystemCoreClock               
000000e9  SystemCoreClockUpdate         
00000361  SystemInit                    
000008f7  T32_INT1_IRQHandler           
000008f7  T32_INT2_IRQHandler           
000008f7  T32_INTC_IRQHandler           
000008f7  TA0_0_IRQHandler              
000008f7  TA0_N_IRQHandler              
000008f7  TA1_0_IRQHandler              
000008f7  TA1_N_IRQHandler              
000008f7  TA2_0_IRQHandler              
000008f7  TA2_N_IRQHandler              
000008f7  TA3_0_IRQHandler              
000008f7  TA3_N_IRQHandler              
000008f7  UsageFault_Handler            
4000480c  WDTCTL_SYM                    
000008f7  WDT_A_IRQHandler              
20040000  __STACK_END                   
00000200  __STACK_SIZE                  
00000910  __TI_CINIT_Base               
00000918  __TI_CINIT_Limit              
00000908  __TI_Handler_Table_Base       
00000910  __TI_Handler_Table_Limit      
00000865  __TI_auto_init_nobinit_nopinit
000007fd  __TI_decompress_lzss          
000008dd  __TI_decompress_none          
ffffffff  __TI_pprof_out_hndl           
ffffffff  __TI_prof_data_size           
ffffffff  __TI_prof_data_start          
00000000  __TI_static_base__            
000006ed  __aeabi_memcpy                
000006ed  __aeabi_memcpy4               
000006ed  __aeabi_memcpy8               
ffffffff  __binit__                     
ffffffff  __c_args__                    
UNDEFED   __mpu_init                    
2003fe00  __stack                       
20000000  __start___llvm_prf_cnts       
20000000  __stop___llvm_prf_cnts        
000008a9  _c_int00_noargs               
UNDEFED   _system_post_cinit            
000008f9  _system_pre_init              
000008fd  abort                         
ffffffff  binit                         
00000635  config_button_gpio            
0000069b  config_pwm_gpio               
000007e1  config_pwm_ticks_a0           
000007a1  config_pwm_timer              
00000000  interruptVectors              
00000439  main                          
000006ed  memcpy                        
00000789  start_pwm                     
00000797  stop_pwm                      


GLOBAL SYMBOLS: SORTED BY Symbol Address 

address   name                          
-------   ----                          
00000000  __TI_static_base__            
00000000  interruptVectors              
000000e9  SystemCoreClockUpdate         
00000200  __STACK_SIZE                  
00000361  SystemInit                    
00000439  main                          
00000635  config_button_gpio            
0000069b  config_pwm_gpio               
000006ed  __aeabi_memcpy                
000006ed  __aeabi_memcpy4               
000006ed  __aeabi_memcpy8               
000006ed  memcpy                        
00000789  start_pwm                     
00000797  stop_pwm                      
000007a1  config_pwm_timer              
000007e1  config_pwm_ticks_a0           
000007fd  __TI_decompress_lzss          
00000865  __TI_auto_init_nobinit_nopinit
000008a9  _c_int00_noargs               
000008dd  __TI_decompress_none          
000008eb  Reset_Handler                 
000008f7  ADC14_IRQHandler              
000008f7  AES256_IRQHandler             
000008f7  BusFault_Handler              
000008f7  COMP_E0_IRQHandler            
000008f7  COMP_E1_IRQHandler            
000008f7  CS_IRQHandler                 
000008f7  DMA_ERR_IRQHandler            
000008f7  DMA_INT0_IRQHandler           
000008f7  DMA_INT1_IRQHandler           
000008f7  DMA_INT2_IRQHandler           
000008f7  DMA_INT3_IRQHandler           
000008f7  DebugMon_Handler              
000008f7  Default_Handler               
000008f7  EUSCIA0_IRQHandler            
000008f7  EUSCIA1_IRQHandler            
000008f7  EUSCIA2_IRQHandler            
000008f7  EUSCIA3_IRQHandler            
000008f7  EUSCIB0_IRQHandler            
000008f7  EUSCIB1_IRQHandler            
000008f7  EUSCIB2_IRQHandler            
000008f7  EUSCIB3_IRQHandler            
000008f7  FLCTL_A_IRQHandler            
000008f7  FPU_IRQHandler                
000008f7  HardFault_Handler             
000008f7  LCD_F_IRQHandler              
000008f7  MemManage_Handler             
000008f7  NMI_Handler                   
000008f7  PCM_IRQHandler                
000008f7  PORT1_IRQHandler              
000008f7  PORT2_IRQHandler              
000008f7  PORT3_IRQHandler              
000008f7  PORT4_IRQHandler              
000008f7  PORT5_IRQHandler              
000008f7  PORT6_IRQHandler              
000008f7  PSS_IRQHandler                
000008f7  PendSV_Handler                
000008f7  RTC_C_IRQHandler              
000008f7  SVC_Handler                   
000008f7  SysTick_Handler               
000008f7  T32_INT1_IRQHandler           
000008f7  T32_INT2_IRQHandler           
000008f7  T32_INTC_IRQHandler           
000008f7  TA0_0_IRQHandler              
000008f7  TA0_N_IRQHandler              
000008f7  TA1_0_IRQHandler              
000008f7  TA1_N_IRQHandler              
000008f7  TA2_0_IRQHandler              
000008f7  TA2_N_IRQHandler              
000008f7  TA3_0_IRQHandler              
000008f7  TA3_N_IRQHandler              
000008f7  UsageFault_Handler            
000008f7  WDT_A_IRQHandler              
000008f9  _system_pre_init              
000008fd  C$$EXIT                       
000008fd  abort                         
00000908  __TI_Handler_Table_Base       
00000910  __TI_CINIT_Base               
00000910  __TI_Handler_Table_Limit      
00000918  __TI_CINIT_Limit              
20000000  SystemCoreClock               
20000000  __start___llvm_prf_cnts       
20000000  __stop___llvm_prf_cnts        
2003fe00  __stack                       
20040000  __STACK_END                   
4000480c  WDTCTL_SYM                    
ffffffff  __TI_pprof_out_hndl           
ffffffff  __TI_prof_data_size           
ffffffff  __TI_prof_data_start          
ffffffff  __binit__                     
ffffffff  __c_args__                    
ffffffff  binit                         
UNDEFED   __mpu_init                    
UNDEFED   _system_post_cinit            

[94 symbols]
